<?xml version="1.0" encoding="ISO-8859-1" ?>
<link_info>
   <banner>TI ARM Linker PC v20.2.7.LTS</banner>
   <copyright>Copyright (c) 1996-2018 Texas Instruments Incorporated</copyright>
   <link_time>0x64c8fbf4</link_time>
   <link_errors>0x0</link_errors>
   <output_file>gpiointerrupt_CC3220S_LAUNCHXL_nortos_ccs.out</output_file>
   <entry_point>
      <name>resetISR</name>
      <address>0x20011e11</address>
   </entry_point>
   <input_file_list>
      <input_file id="fl-2">
         <path>.\</path>
         <kind>object</kind>
         <file>gpiointerrupt.obj</file>
         <name>gpiointerrupt.obj</name>
      </input_file>
      <input_file id="fl-3">
         <path>.\syscfg\</path>
         <kind>object</kind>
         <file>ti_drivers_config.obj</file>
         <name>ti_drivers_config.obj</name>
      </input_file>
      <input_file id="fl-4">
         <path>.\</path>
         <kind>object</kind>
         <file>main_nortos.obj</file>
         <name>main_nortos.obj</name>
      </input_file>
      <input_file id="fl-d">
         <kind>object</kind>
         <file>&lt;internal&gt;</file>
         <name>&lt;internal&gt;</name>
      </input_file>
      <input_file id="fl-e">
         <path>C:\ti\simplelink_cc32xx_sdk_5_30_00_08\source\ti\drivers\lib\ccs\m4\</path>
         <kind>archive</kind>
         <file>drivers_cc32xx.a</file>
         <name>GPIO.oem4</name>
      </input_file>
      <input_file id="fl-f">
         <path>C:\ti\simplelink_cc32xx_sdk_5_30_00_08\source\ti\drivers\lib\ccs\m4\</path>
         <kind>archive</kind>
         <file>drivers_cc32xx.a</file>
         <name>I2C.oem4</name>
      </input_file>
      <input_file id="fl-10">
         <path>C:\ti\simplelink_cc32xx_sdk_5_30_00_08\source\ti\drivers\lib\ccs\m4\</path>
         <kind>archive</kind>
         <file>drivers_cc32xx.a</file>
         <name>Timer.oem4</name>
      </input_file>
      <input_file id="fl-11">
         <path>C:\ti\simplelink_cc32xx_sdk_5_30_00_08\source\ti\drivers\lib\ccs\m4\</path>
         <kind>archive</kind>
         <file>drivers_cc32xx.a</file>
         <name>UART.oem4</name>
      </input_file>
      <input_file id="fl-12">
         <path>C:\ti\simplelink_cc32xx_sdk_5_30_00_08\source\ti\drivers\lib\ccs\m4\</path>
         <kind>archive</kind>
         <file>drivers_cc32xx.a</file>
         <name>GPIOCC32XX.oem4</name>
      </input_file>
      <input_file id="fl-13">
         <path>C:\ti\simplelink_cc32xx_sdk_5_30_00_08\source\ti\drivers\lib\ccs\m4\</path>
         <kind>archive</kind>
         <file>drivers_cc32xx.a</file>
         <name>I2CCC32XX.oem4</name>
      </input_file>
      <input_file id="fl-14">
         <path>C:\ti\simplelink_cc32xx_sdk_5_30_00_08\source\ti\drivers\lib\ccs\m4\</path>
         <kind>archive</kind>
         <file>drivers_cc32xx.a</file>
         <name>PowerCC32XX.oem4</name>
      </input_file>
      <input_file id="fl-15">
         <path>C:\ti\simplelink_cc32xx_sdk_5_30_00_08\source\ti\drivers\lib\ccs\m4\</path>
         <kind>archive</kind>
         <file>drivers_cc32xx.a</file>
         <name>PowerCC32XX_asm.oem4</name>
      </input_file>
      <input_file id="fl-16">
         <path>C:\ti\simplelink_cc32xx_sdk_5_30_00_08\source\ti\drivers\lib\ccs\m4\</path>
         <kind>archive</kind>
         <file>drivers_cc32xx.a</file>
         <name>TimerCC32XX.oem4</name>
      </input_file>
      <input_file id="fl-17">
         <path>C:\ti\simplelink_cc32xx_sdk_5_30_00_08\source\ti\drivers\lib\ccs\m4\</path>
         <kind>archive</kind>
         <file>drivers_cc32xx.a</file>
         <name>UARTCC32XX.oem4</name>
      </input_file>
      <input_file id="fl-18">
         <path>C:\ti\simplelink_cc32xx_sdk_5_30_00_08\source\ti\drivers\lib\ccs\m4\</path>
         <kind>archive</kind>
         <file>drivers_cc32xx.a</file>
         <name>List.oem4</name>
      </input_file>
      <input_file id="fl-19">
         <path>C:\ti\simplelink_cc32xx_sdk_5_30_00_08\source\ti\drivers\lib\ccs\m4\</path>
         <kind>archive</kind>
         <file>drivers_cc32xx.a</file>
         <name>RingBuf.oem4</name>
      </input_file>
      <input_file id="fl-1a">
         <path>C:\ti\simplelink_cc32xx_sdk_5_30_00_08\kernel\nortos\lib\ccs\m4\</path>
         <kind>archive</kind>
         <file>nortos_cc32xx.a</file>
         <name>NoRTOS.oem4</name>
      </input_file>
      <input_file id="fl-1b">
         <path>C:\ti\simplelink_cc32xx_sdk_5_30_00_08\kernel\nortos\lib\ccs\m4\</path>
         <kind>archive</kind>
         <file>nortos_cc32xx.a</file>
         <name>SemaphoreP_nortos.oem4</name>
      </input_file>
      <input_file id="fl-1c">
         <path>C:\ti\simplelink_cc32xx_sdk_5_30_00_08\kernel\nortos\lib\ccs\m4\</path>
         <kind>archive</kind>
         <file>nortos_cc32xx.a</file>
         <name>ClockPSysTick_nortos.oem4</name>
      </input_file>
      <input_file id="fl-1d">
         <path>C:\ti\simplelink_cc32xx_sdk_5_30_00_08\kernel\nortos\lib\ccs\m4\</path>
         <kind>archive</kind>
         <file>nortos_cc32xx.a</file>
         <name>HwiPCC32XX_nortos.oem4</name>
      </input_file>
      <input_file id="fl-1e">
         <path>C:\ti\simplelink_cc32xx_sdk_5_30_00_08\kernel\nortos\lib\ccs\m4\</path>
         <kind>archive</kind>
         <file>nortos_cc32xx.a</file>
         <name>PowerCC32XX_nortos.oem4</name>
      </input_file>
      <input_file id="fl-1f">
         <path>C:\ti\simplelink_cc32xx_sdk_5_30_00_08\kernel\nortos\lib\ccs\m4\</path>
         <kind>archive</kind>
         <file>nortos_cc32xx.a</file>
         <name>startup_cc32xx_ccs.oem4</name>
      </input_file>
      <input_file id="fl-20">
         <path>C:\ti\simplelink_cc32xx_sdk_5_30_00_08\kernel\nortos\lib\ccs\m4\</path>
         <kind>archive</kind>
         <file>nortos_cc32xx.a</file>
         <name>SwiP_nortos.oem4</name>
      </input_file>
      <input_file id="fl-21">
         <path>C:\ti\simplelink_cc32xx_sdk_5_30_00_08\kernel\nortos\lib\ccs\m4\</path>
         <kind>archive</kind>
         <file>nortos_cc32xx.a</file>
         <name>QueueP_nortos.oem4</name>
      </input_file>
      <input_file id="fl-22">
         <path>C:\ti\simplelink_cc32xx_sdk_5_30_00_08\source\ti\devices\cc32xx\driverlib\ccs\Release\</path>
         <kind>archive</kind>
         <file>driverlib.a</file>
         <name>cpu.obj</name>
      </input_file>
      <input_file id="fl-23">
         <path>C:\ti\simplelink_cc32xx_sdk_5_30_00_08\source\ti\devices\cc32xx\driverlib\ccs\Release\</path>
         <kind>archive</kind>
         <file>driverlib.a</file>
         <name>i2c.obj</name>
      </input_file>
      <input_file id="fl-24">
         <path>C:\ti\simplelink_cc32xx_sdk_5_30_00_08\source\ti\devices\cc32xx\driverlib\ccs\Release\</path>
         <kind>archive</kind>
         <file>driverlib.a</file>
         <name>interrupt.obj</name>
      </input_file>
      <input_file id="fl-25">
         <path>C:\ti\simplelink_cc32xx_sdk_5_30_00_08\source\ti\devices\cc32xx\driverlib\ccs\Release\</path>
         <kind>archive</kind>
         <file>driverlib.a</file>
         <name>pin.obj</name>
      </input_file>
      <input_file id="fl-26">
         <path>C:\ti\simplelink_cc32xx_sdk_5_30_00_08\source\ti\devices\cc32xx\driverlib\ccs\Release\</path>
         <kind>archive</kind>
         <file>driverlib.a</file>
         <name>prcm.obj</name>
      </input_file>
      <input_file id="fl-27">
         <path>C:\ti\simplelink_cc32xx_sdk_5_30_00_08\source\ti\devices\cc32xx\driverlib\ccs\Release\</path>
         <kind>archive</kind>
         <file>driverlib.a</file>
         <name>timer.obj</name>
      </input_file>
      <input_file id="fl-28">
         <path>C:\ti\simplelink_cc32xx_sdk_5_30_00_08\source\ti\devices\cc32xx\driverlib\ccs\Release\</path>
         <kind>archive</kind>
         <file>driverlib.a</file>
         <name>uart.obj</name>
      </input_file>
      <input_file id="fl-29">
         <path>C:\ti\simplelink_cc32xx_sdk_5_30_00_08\source\ti\devices\cc32xx\driverlib\ccs\Release\</path>
         <kind>archive</kind>
         <file>driverlib.a</file>
         <name>utils.obj</name>
      </input_file>
      <input_file id="fl-2a">
         <path>C:\ti\simplelink_cc32xx_sdk_5_30_00_08\source\ti\devices\cc32xx\driverlib\ccs\Release\</path>
         <kind>archive</kind>
         <file>driverlib.a</file>
         <name>flash.obj</name>
      </input_file>
      <input_file id="fl-e0">
         <path>C:\ti\ccs1230\ccs\tools\compiler\ti-cgt-arm_20.2.7.LTS\lib\</path>
         <kind>archive</kind>
         <file>rtsv7M4_T_le_eabi.lib</file>
         <name>snprintf.c.obj</name>
      </input_file>
      <input_file id="fl-e1">
         <path>C:\ti\ccs1230\ccs\tools\compiler\ti-cgt-arm_20.2.7.LTS\lib\</path>
         <kind>archive</kind>
         <file>rtsv7M4_T_le_eabi.lib</file>
         <name>fs_mul_t2.asm.obj</name>
      </input_file>
      <input_file id="fl-e2">
         <path>C:\ti\ccs1230\ccs\tools\compiler\ti-cgt-arm_20.2.7.LTS\lib\</path>
         <kind>archive</kind>
         <file>rtsv7M4_T_le_eabi.lib</file>
         <name>fs_toi_t2.asm.obj</name>
      </input_file>
      <input_file id="fl-e3">
         <path>C:\ti\ccs1230\ccs\tools\compiler\ti-cgt-arm_20.2.7.LTS\lib\</path>
         <kind>archive</kind>
         <file>rtsv7M4_T_le_eabi.lib</file>
         <name>i_tofs_t2.asm.obj</name>
      </input_file>
      <input_file id="fl-e4">
         <path>C:\ti\ccs1230\ccs\tools\compiler\ti-cgt-arm_20.2.7.LTS\lib\</path>
         <kind>archive</kind>
         <file>rtsv7M4_T_le_eabi.lib</file>
         <name>ll_mul_t2.asm.obj</name>
      </input_file>
      <input_file id="fl-e5">
         <path>C:\ti\ccs1230\ccs\tools\compiler\ti-cgt-arm_20.2.7.LTS\lib\</path>
         <kind>archive</kind>
         <file>rtsv7M4_T_le_eabi.lib</file>
         <name>memcpy_t2.asm.obj</name>
      </input_file>
      <input_file id="fl-e6">
         <path>C:\ti\ccs1230\ccs\tools\compiler\ti-cgt-arm_20.2.7.LTS\lib\</path>
         <kind>archive</kind>
         <file>rtsv7M4_T_le_eabi.lib</file>
         <name>ull_div_t2.asm.obj</name>
      </input_file>
      <input_file id="fl-e7">
         <path>C:\ti\ccs1230\ccs\tools\compiler\ti-cgt-arm_20.2.7.LTS\lib\</path>
         <kind>archive</kind>
         <file>rtsv7M4_T_le_eabi.lib</file>
         <name>copy_zero_init.c.obj</name>
      </input_file>
      <input_file id="fl-e8">
         <path>C:\ti\ccs1230\ccs\tools\compiler\ti-cgt-arm_20.2.7.LTS\lib\</path>
         <kind>archive</kind>
         <file>rtsv7M4_T_le_eabi.lib</file>
         <name>copy_decompress_none.c.obj</name>
      </input_file>
      <input_file id="fl-e9">
         <path>C:\ti\ccs1230\ccs\tools\compiler\ti-cgt-arm_20.2.7.LTS\lib\</path>
         <kind>archive</kind>
         <file>rtsv7M4_T_le_eabi.lib</file>
         <name>copy_decompress_lzss.c.obj</name>
      </input_file>
      <input_file id="fl-ea">
         <path>C:\ti\ccs1230\ccs\tools\compiler\ti-cgt-arm_20.2.7.LTS\lib\</path>
         <kind>archive</kind>
         <file>rtsv7M4_T_le_eabi.lib</file>
         <name>memory.c.obj</name>
      </input_file>
      <input_file id="fl-eb">
         <path>C:\ti\ccs1230\ccs\tools\compiler\ti-cgt-arm_20.2.7.LTS\lib\</path>
         <kind>archive</kind>
         <file>rtsv7M4_T_le_eabi.lib</file>
         <name>boot_cortex_m.c.obj</name>
      </input_file>
      <input_file id="fl-ec">
         <path>C:\ti\ccs1230\ccs\tools\compiler\ti-cgt-arm_20.2.7.LTS\lib\</path>
         <kind>archive</kind>
         <file>rtsv7M4_T_le_eabi.lib</file>
         <name>_printfi.c.obj</name>
      </input_file>
      <input_file id="fl-ed">
         <path>C:\ti\ccs1230\ccs\tools\compiler\ti-cgt-arm_20.2.7.LTS\lib\</path>
         <kind>archive</kind>
         <file>rtsv7M4_T_le_eabi.lib</file>
         <name>div0.asm.obj</name>
      </input_file>
      <input_file id="fl-ee">
         <path>C:\ti\ccs1230\ccs\tools\compiler\ti-cgt-arm_20.2.7.LTS\lib\</path>
         <kind>archive</kind>
         <file>rtsv7M4_T_le_eabi.lib</file>
         <name>fd_add_t2.asm.obj</name>
      </input_file>
      <input_file id="fl-ef">
         <path>C:\ti\ccs1230\ccs\tools\compiler\ti-cgt-arm_20.2.7.LTS\lib\</path>
         <kind>archive</kind>
         <file>rtsv7M4_T_le_eabi.lib</file>
         <name>fd_cmp_t2.asm.obj</name>
      </input_file>
      <input_file id="fl-f0">
         <path>C:\ti\ccs1230\ccs\tools\compiler\ti-cgt-arm_20.2.7.LTS\lib\</path>
         <kind>archive</kind>
         <file>rtsv7M4_T_le_eabi.lib</file>
         <name>fd_div_t2.asm.obj</name>
      </input_file>
      <input_file id="fl-f1">
         <path>C:\ti\ccs1230\ccs\tools\compiler\ti-cgt-arm_20.2.7.LTS\lib\</path>
         <kind>archive</kind>
         <file>rtsv7M4_T_le_eabi.lib</file>
         <name>fd_mul_t2.asm.obj</name>
      </input_file>
      <input_file id="fl-f2">
         <path>C:\ti\ccs1230\ccs\tools\compiler\ti-cgt-arm_20.2.7.LTS\lib\</path>
         <kind>archive</kind>
         <file>rtsv7M4_T_le_eabi.lib</file>
         <name>fd_toi_t2.asm.obj</name>
      </input_file>
      <input_file id="fl-f3">
         <path>C:\ti\ccs1230\ccs\tools\compiler\ti-cgt-arm_20.2.7.LTS\lib\</path>
         <kind>archive</kind>
         <file>rtsv7M4_T_le_eabi.lib</file>
         <name>i_tofd_t2.asm.obj</name>
      </input_file>
      <input_file id="fl-f4">
         <path>C:\ti\ccs1230\ccs\tools\compiler\ti-cgt-arm_20.2.7.LTS\lib\</path>
         <kind>archive</kind>
         <file>rtsv7M4_T_le_eabi.lib</file>
         <name>memset_t2.asm.obj</name>
      </input_file>
      <input_file id="fl-f5">
         <path>C:\ti\ccs1230\ccs\tools\compiler\ti-cgt-arm_20.2.7.LTS\lib\</path>
         <kind>archive</kind>
         <file>rtsv7M4_T_le_eabi.lib</file>
         <name>autoinit.c.obj</name>
      </input_file>
      <input_file id="fl-f6">
         <path>C:\ti\ccs1230\ccs\tools\compiler\ti-cgt-arm_20.2.7.LTS\lib\</path>
         <kind>archive</kind>
         <file>rtsv7M4_T_le_eabi.lib</file>
         <name>pre_init.c.obj</name>
      </input_file>
      <input_file id="fl-f7">
         <path>C:\ti\ccs1230\ccs\tools\compiler\ti-cgt-arm_20.2.7.LTS\lib\</path>
         <kind>archive</kind>
         <file>rtsv7M4_T_le_eabi.lib</file>
         <name>cpy_tbl.c.obj</name>
      </input_file>
      <input_file id="fl-f8">
         <path>C:\ti\ccs1230\ccs\tools\compiler\ti-cgt-arm_20.2.7.LTS\lib\</path>
         <kind>archive</kind>
         <file>rtsv7M4_T_le_eabi.lib</file>
         <name>exit.c.obj</name>
      </input_file>
      <input_file id="fl-f9">
         <path>C:\ti\ccs1230\ccs\tools\compiler\ti-cgt-arm_20.2.7.LTS\lib\</path>
         <kind>archive</kind>
         <file>rtsv7M4_T_le_eabi.lib</file>
         <name>_lock.c.obj</name>
      </input_file>
      <input_file id="fl-fa">
         <path>C:\ti\ccs1230\ccs\tools\compiler\ti-cgt-arm_20.2.7.LTS\lib\</path>
         <kind>archive</kind>
         <file>rtsv7M4_T_le_eabi.lib</file>
         <name>_ltoa.c.obj</name>
      </input_file>
      <input_file id="fl-fb">
         <path>C:\ti\ccs1230\ccs\tools\compiler\ti-cgt-arm_20.2.7.LTS\lib\</path>
         <kind>archive</kind>
         <file>rtsv7M4_T_le_eabi.lib</file>
         <name>args_main.c.obj</name>
      </input_file>
      <input_file id="fl-fc">
         <path>C:\ti\ccs1230\ccs\tools\compiler\ti-cgt-arm_20.2.7.LTS\lib\</path>
         <kind>archive</kind>
         <file>rtsv7M4_T_le_eabi.lib</file>
         <name>atoi.c.obj</name>
      </input_file>
      <input_file id="fl-fd">
         <path>C:\ti\ccs1230\ccs\tools\compiler\ti-cgt-arm_20.2.7.LTS\lib\</path>
         <kind>archive</kind>
         <file>rtsv7M4_T_le_eabi.lib</file>
         <name>ctype.c.obj</name>
      </input_file>
      <input_file id="fl-fe">
         <path>C:\ti\ccs1230\ccs\tools\compiler\ti-cgt-arm_20.2.7.LTS\lib\</path>
         <kind>archive</kind>
         <file>rtsv7M4_T_le_eabi.lib</file>
         <name>memccpy.c.obj</name>
      </input_file>
      <input_file id="fl-ff">
         <path>C:\ti\ccs1230\ccs\tools\compiler\ti-cgt-arm_20.2.7.LTS\lib\</path>
         <kind>archive</kind>
         <file>rtsv7M4_T_le_eabi.lib</file>
         <name>strchr.c.obj</name>
      </input_file>
      <input_file id="fl-100">
         <path>C:\ti\ccs1230\ccs\tools\compiler\ti-cgt-arm_20.2.7.LTS\lib\</path>
         <kind>archive</kind>
         <file>rtsv7M4_T_le_eabi.lib</file>
         <name>strlen.c.obj</name>
      </input_file>
      <input_file id="fl-101">
         <path>C:\ti\ccs1230\ccs\tools\compiler\ti-cgt-arm_20.2.7.LTS\lib\</path>
         <kind>archive</kind>
         <file>rtsv7M4_T_le_eabi.lib</file>
         <name>errno.c.obj</name>
      </input_file>
      <input_file id="fl-102">
         <path>C:\ti\ccs1230\ccs\tools\compiler\ti-cgt-arm_20.2.7.LTS\lib\</path>
         <kind>archive</kind>
         <file>rtsv7M4_T_le_eabi.lib</file>
         <name>wcslen.c.obj</name>
      </input_file>
      <input_file id="fl-103">
         <path>C:\ti\ccs1230\ccs\tools\compiler\ti-cgt-arm_20.2.7.LTS\lib\</path>
         <kind>archive</kind>
         <file>rtsv7M4_T_le_eabi.lib</file>
         <name>s_frexp.c.obj</name>
      </input_file>
      <input_file id="fl-104">
         <path>C:\ti\ccs1230\ccs\tools\compiler\ti-cgt-arm_20.2.7.LTS\lib\</path>
         <kind>archive</kind>
         <file>rtsv7M4_T_le_eabi.lib</file>
         <name>s_scalbn.c.obj</name>
      </input_file>
      <input_file id="fl-105">
         <path>C:\ti\ccs1230\ccs\tools\compiler\ti-cgt-arm_20.2.7.LTS\lib\</path>
         <kind>archive</kind>
         <file>rtsv7M4_T_le_eabi.lib</file>
         <name>s_copysign.c.obj</name>
      </input_file>
   </input_file_list>
   <object_component_list>
      <object_component id="oc-3a8">
         <name>.text:__TI_printfi</name>
         <load_address>0x2000c040</load_address>
         <run_address>0x2000c040</run_address>
         <size>0xa4e</size>
         <input_file_ref idref="fl-ec"/>
      </object_component>
      <object_component id="oc-1ee">
         <name>.text:Board_initHook</name>
         <load_address>0x2000ca8e</load_address>
         <run_address>0x2000ca8e</run_address>
         <size>0x2</size>
         <input_file_ref idref="fl-3"/>
      </object_component>
      <object_component id="oc-1dc">
         <name>.text:PRCMCC3200MCUInit</name>
         <load_address>0x2000ca90</load_address>
         <run_address>0x2000ca90</run_address>
         <size>0x42c</size>
         <input_file_ref idref="fl-26"/>
      </object_component>
      <object_component id="oc-824">
         <name>.text:UARTCC32XX_open</name>
         <load_address>0x2000cebc</load_address>
         <run_address>0x2000cebc</run_address>
         <size>0x288</size>
         <input_file_ref idref="fl-17"/>
      </object_component>
      <object_component id="oc-559">
         <name>.text:_pconv_a</name>
         <load_address>0x2000d144</load_address>
         <run_address>0x2000d144</run_address>
         <size>0x268</size>
         <input_file_ref idref="fl-ec"/>
      </object_component>
      <object_component id="oc-547">
         <name>.text:_pconv_g</name>
         <load_address>0x2000d3ac</load_address>
         <run_address>0x2000d3ac</run_address>
         <size>0x1cc</size>
         <input_file_ref idref="fl-ec"/>
      </object_component>
      <object_component id="oc-1fc">
         <name>.text:initI2C</name>
         <load_address>0x2000d578</load_address>
         <run_address>0x2000d578</run_address>
         <size>0x1c8</size>
         <input_file_ref idref="fl-2"/>
      </object_component>
      <object_component id="oc-755">
         <name>.text</name>
         <load_address>0x2000d740</load_address>
         <run_address>0x2000d740</run_address>
         <size>0x1b6</size>
         <input_file_ref idref="fl-ee"/>
      </object_component>
      <object_component id="oc-32e">
         <name>.text:I2C_init</name>
         <load_address>0x2000d8f6</load_address>
         <run_address>0x2000d8f6</run_address>
         <size>0x2</size>
         <input_file_ref idref="fl-f"/>
      </object_component>
      <object_component id="oc-410">
         <name>.text:PowerCC32XX_sleepPolicy</name>
         <load_address>0x2000d8f8</load_address>
         <run_address>0x2000d8f8</run_address>
         <size>0x19c</size>
         <input_file_ref idref="fl-1e"/>
      </object_component>
      <object_component id="oc-208">
         <name>.text:GPIO_setConfig</name>
         <load_address>0x2000da94</load_address>
         <run_address>0x2000da94</run_address>
         <size>0x154</size>
         <input_file_ref idref="fl-12"/>
      </object_component>
      <object_component id="oc-4b8">
         <name>.text:I2CCC32XX_hwiFxn</name>
         <load_address>0x2000dbe8</load_address>
         <run_address>0x2000dbe8</run_address>
         <size>0x148</size>
         <input_file_ref idref="fl-13"/>
      </object_component>
      <object_component id="oc-7c5">
         <name>.text:parkPins</name>
         <load_address>0x2000dd30</load_address>
         <run_address>0x2000dd30</run_address>
         <size>0x148</size>
         <input_file_ref idref="fl-14"/>
      </object_component>
      <object_component id="oc-553">
         <name>.text:_pconv_e</name>
         <load_address>0x2000de78</load_address>
         <run_address>0x2000de78</run_address>
         <size>0x13c</size>
         <input_file_ref idref="fl-ec"/>
      </object_component>
      <object_component id="oc-5cf">
         <name>.text:Power_sleep</name>
         <load_address>0x2000dfb4</load_address>
         <run_address>0x2000dfb4</run_address>
         <size>0x138</size>
         <input_file_ref idref="fl-14"/>
      </object_component>
      <object_component id="oc-356">
         <name>.text:Timer_open</name>
         <load_address>0x2000e0ec</load_address>
         <run_address>0x2000e0ec</run_address>
         <size>0x138</size>
         <input_file_ref idref="fl-16"/>
      </object_component>
      <object_component id="oc-73b">
         <name>.text</name>
         <load_address>0x2000e224</load_address>
         <run_address>0x2000e224</run_address>
         <size>0x136</size>
         <input_file_ref idref="fl-f0"/>
      </object_component>
      <object_component id="oc-4c6">
         <name>.text:I2C_transferTimeout</name>
         <load_address>0x2000e35a</load_address>
         <run_address>0x2000e35a</run_address>
         <size>0x122</size>
         <input_file_ref idref="fl-f"/>
      </object_component>
      <object_component id="oc-812">
         <name>.text:UARTCC32XX_close</name>
         <load_address>0x2000e47c</load_address>
         <run_address>0x2000e47c</run_address>
         <size>0x120</size>
         <input_file_ref idref="fl-17"/>
      </object_component>
      <object_component id="oc-767">
         <name>.text:fcvt</name>
         <load_address>0x2000e59c</load_address>
         <run_address>0x2000e59c</run_address>
         <size>0x120</size>
         <input_file_ref idref="fl-ec"/>
      </object_component>
      <object_component id="oc-725">
         <name>.text:aligned_alloc</name>
         <load_address>0x2000e6bc</load_address>
         <run_address>0x2000e6bc</run_address>
         <size>0x100</size>
         <input_file_ref idref="fl-ea"/>
      </object_component>
      <object_component id="oc-33a">
         <name>.text:I2C_open</name>
         <load_address>0x2000e7bc</load_address>
         <run_address>0x2000e7bc</run_address>
         <size>0xfc</size>
         <input_file_ref idref="fl-13"/>
      </object_component>
      <object_component id="oc-736">
         <name>.text</name>
         <load_address>0x2000e8b8</load_address>
         <run_address>0x2000e8b8</run_address>
         <size>0xfc</size>
         <input_file_ref idref="fl-f1"/>
      </object_component>
      <object_component id="oc-818">
         <name>.text:UARTCC32XX_control</name>
         <load_address>0x2000e9b4</load_address>
         <run_address>0x2000e9b4</run_address>
         <size>0xf2</size>
         <input_file_ref idref="fl-17"/>
      </object_component>
      <object_component id="oc-40a">
         <name>.text:PowerCC32XX_initPolicy</name>
         <load_address>0x2000eaa6</load_address>
         <run_address>0x2000eaa6</run_address>
         <size>0x2</size>
         <input_file_ref idref="fl-1e"/>
      </object_component>
      <object_component id="oc-220">
         <name>.text:readTemp</name>
         <load_address>0x2000eaa8</load_address>
         <run_address>0x2000eaa8</run_address>
         <size>0xec</size>
         <input_file_ref idref="fl-2"/>
      </object_component>
      <object_component id="oc-166">
         <name>.text:mainThread</name>
         <load_address>0x2000eb94</load_address>
         <run_address>0x2000eb94</run_address>
         <size>0xe8</size>
         <input_file_ref idref="fl-2"/>
      </object_component>
      <object_component id="oc-42c">
         <name>.text:free</name>
         <load_address>0x2000ec7c</load_address>
         <run_address>0x2000ec7c</run_address>
         <size>0xe4</size>
         <input_file_ref idref="fl-ea"/>
      </object_component>
      <object_component id="oc-77b">
         <name>.text:scalbn</name>
         <load_address>0x2000ed60</load_address>
         <run_address>0x2000ed60</run_address>
         <size>0xd0</size>
         <input_file_ref idref="fl-104"/>
      </object_component>
      <object_component id="oc-83c">
         <name>.text:UARTCC32XX_write</name>
         <load_address>0x2000ee30</load_address>
         <run_address>0x2000ee30</run_address>
         <size>0xca</size>
         <input_file_ref idref="fl-17"/>
      </object_component>
      <object_component id="oc-6d9">
         <name>.text:SemaphoreP_destruct</name>
         <load_address>0x2000eefa</load_address>
         <run_address>0x2000eefa</run_address>
         <size>0x2</size>
         <input_file_ref idref="fl-1b"/>
      </object_component>
      <object_component id="oc-7e2">
         <name>.text:restoreParkedPins</name>
         <load_address>0x2000eefc</load_address>
         <run_address>0x2000eefc</run_address>
         <size>0xc0</size>
         <input_file_ref idref="fl-14"/>
      </object_component>
      <object_component id="oc-830">
         <name>.text:UARTCC32XX_readPolling</name>
         <load_address>0x2000efbc</load_address>
         <run_address>0x2000efbc</run_address>
         <size>0xba</size>
         <input_file_ref idref="fl-17"/>
      </object_component>
      <object_component id="oc-34a">
         <name>.text:Timer_init</name>
         <load_address>0x2000f076</load_address>
         <run_address>0x2000f076</run_address>
         <size>0x2</size>
         <input_file_ref idref="fl-10"/>
      </object_component>
      <object_component id="oc-9a4">
         <name>.text:initHw</name>
         <load_address>0x2000f078</load_address>
         <run_address>0x2000f078</run_address>
         <size>0xb8</size>
         <input_file_ref idref="fl-17"/>
      </object_component>
      <object_component id="oc-a4e">
         <name>.text:readTaskCallback</name>
         <load_address>0x2000f130</load_address>
         <run_address>0x2000f130</run_address>
         <size>0xb6</size>
         <input_file_ref idref="fl-17"/>
      </object_component>
      <object_component id="oc-684">
         <name>.text:I2CCC32XX_completeTransfer</name>
         <load_address>0x2000f1e6</load_address>
         <run_address>0x2000f1e6</run_address>
         <size>0xb2</size>
         <input_file_ref idref="fl-13"/>
      </object_component>
      <object_component id="oc-53c">
         <name>.text:_ltostr</name>
         <load_address>0x2000f298</load_address>
         <run_address>0x2000f298</run_address>
         <size>0xb1</size>
         <input_file_ref idref="fl-ec"/>
      </object_component>
      <object_component id="oc-a3c">
         <name>.text:readTaskBlocking</name>
         <load_address>0x2000f34a</load_address>
         <run_address>0x2000f34a</run_address>
         <size>0xb0</size>
         <input_file_ref idref="fl-17"/>
      </object_component>
      <object_component id="oc-a42">
         <name>.text:readIsrTextBlocking</name>
         <load_address>0x2000f3fa</load_address>
         <run_address>0x2000f3fa</run_address>
         <size>0xae</size>
         <input_file_ref idref="fl-17"/>
      </object_component>
      <object_component id="oc-672">
         <name>.text:I2CCC32XX_primeWriteBurst</name>
         <load_address>0x2000f4a8</load_address>
         <run_address>0x2000f4a8</run_address>
         <size>0xa8</size>
         <input_file_ref idref="fl-13"/>
      </object_component>
      <object_component id="oc-b5">
         <name>.text:IntEnable</name>
         <load_address>0x2000f550</load_address>
         <run_address>0x2000f550</run_address>
         <size>0xa8</size>
         <input_file_ref idref="fl-24"/>
      </object_component>
      <object_component id="oc-2cf">
         <name>.text:PowerCC32XX_configureWakeup</name>
         <load_address>0x2000f5f8</load_address>
         <run_address>0x2000f5f8</run_address>
         <size>0xa8</size>
         <input_file_ref idref="fl-14"/>
      </object_component>
      <object_component id="oc-a54">
         <name>.text:readIsrTextCallback</name>
         <load_address>0x2000f6a0</load_address>
         <run_address>0x2000f6a0</run_address>
         <size>0xa2</size>
         <input_file_ref idref="fl-17"/>
      </object_component>
      <object_component id="oc-9db">
         <name>.text:writeData</name>
         <load_address>0x2000f742</load_address>
         <run_address>0x2000f742</run_address>
         <size>0xa2</size>
         <input_file_ref idref="fl-17"/>
      </object_component>
      <object_component id="oc-2f4">
         <name>.text:SemaphoreP_pend</name>
         <load_address>0x2000f7e4</load_address>
         <run_address>0x2000f7e4</run_address>
         <size>0xa0</size>
         <input_file_ref idref="fl-1b"/>
      </object_component>
      <object_component id="oc-4a6">
         <name>.text:I2CCC32XX_initHw</name>
         <load_address>0x2000f884</load_address>
         <run_address>0x2000f884</run_address>
         <size>0x9c</size>
         <input_file_ref idref="fl-13"/>
      </object_component>
      <object_component id="oc-3b">
         <name>.text</name>
         <load_address>0x2000f920</load_address>
         <run_address>0x2000f920</run_address>
         <size>0x9c</size>
         <input_file_ref idref="fl-e5"/>
      </object_component>
      <object_component id="oc-5ca">
         <name>.text</name>
         <load_address>0x2000f9bc</load_address>
         <run_address>0x2000f9bc</run_address>
         <size>0x96</size>
         <input_file_ref idref="fl-e6"/>
      </object_component>
      <object_component id="oc-81e">
         <name>.text:UARTCC32XX_init</name>
         <load_address>0x2000fa52</load_address>
         <run_address>0x2000fa52</run_address>
         <size>0x2</size>
         <input_file_ref idref="fl-17"/>
      </object_component>
      <object_component id="oc-1e8">
         <name>.text:GPIO_init</name>
         <load_address>0x2000fa54</load_address>
         <run_address>0x2000fa54</run_address>
         <size>0x90</size>
         <input_file_ref idref="fl-12"/>
      </object_component>
      <object_component id="oc-7d6">
         <name>.text:restoreNVICRegs</name>
         <load_address>0x2000fae4</load_address>
         <run_address>0x2000fae4</run_address>
         <size>0x90</size>
         <input_file_ref idref="fl-14"/>
      </object_component>
      <object_component id="oc-49a">
         <name>.text:HwiP_construct</name>
         <load_address>0x2000fb74</load_address>
         <run_address>0x2000fb74</run_address>
         <size>0x8c</size>
         <input_file_ref idref="fl-1d"/>
      </object_component>
      <object_component id="oc-95f">
         <name>.text:IntPendSet</name>
         <load_address>0x2000fc00</load_address>
         <run_address>0x2000fc00</run_address>
         <size>0x88</size>
         <input_file_ref idref="fl-24"/>
      </object_component>
      <object_component id="oc-369">
         <name>.text:PinConfigSet</name>
         <load_address>0x2000fc88</load_address>
         <run_address>0x2000fc88</run_address>
         <size>0x88</size>
         <input_file_ref idref="fl-25"/>
      </object_component>
      <object_component id="oc-542">
         <name>.text:__aeabi_cdcmple</name>
         <load_address>0x2000fd10</load_address>
         <run_address>0x2000fd10</run_address>
         <size>0x86</size>
         <input_file_ref idref="fl-ef"/>
      </object_component>
      <object_component id="oc-740">
         <name>.text:__aeabi_cdrcmple</name>
         <load_address>0x2000fd96</load_address>
         <run_address>0x2000fd96</run_address>
         <size>0x86</size>
         <input_file_ref idref="fl-ef"/>
      </object_component>
      <object_component id="oc-1e2">
         <name>.text:Power_init</name>
         <load_address>0x2000fe1c</load_address>
         <run_address>0x2000fe1c</run_address>
         <size>0x84</size>
         <input_file_ref idref="fl-14"/>
      </object_component>
      <object_component id="oc-7cb">
         <name>.text:saveNVICRegs</name>
         <load_address>0x2000fea0</load_address>
         <run_address>0x2000fea0</run_address>
         <size>0x84</size>
         <input_file_ref idref="fl-14"/>
      </object_component>
      <object_component id="oc-20e">
         <name>.text:GPIO_write</name>
         <load_address>0x2000ff24</load_address>
         <run_address>0x2000ff24</run_address>
         <size>0x80</size>
         <input_file_ref idref="fl-12"/>
      </object_component>
      <object_component id="oc-36f">
         <name>.text:Power_setDependency</name>
         <load_address>0x2000ffa4</load_address>
         <run_address>0x2000ffa4</run_address>
         <size>0x80</size>
         <input_file_ref idref="fl-14"/>
      </object_component>
      <object_component id="oc-a36">
         <name>.text:readIsrBinaryBlocking</name>
         <load_address>0x20010024</load_address>
         <run_address>0x20010024</run_address>
         <size>0x7c</size>
         <input_file_ref idref="fl-17"/>
      </object_component>
      <object_component id="oc-66c">
         <name>.text:I2CCC32XX_primeReadBurst</name>
         <load_address>0x200100a0</load_address>
         <run_address>0x200100a0</run_address>
         <size>0x7a</size>
         <input_file_ref idref="fl-13"/>
      </object_component>
      <object_component id="oc-39d">
         <name>.text</name>
         <load_address>0x2001011a</load_address>
         <run_address>0x2001011a</run_address>
         <size>0x7a</size>
         <input_file_ref idref="fl-e1"/>
      </object_component>
      <object_component id="oc-9d">
         <name>.text</name>
         <load_address>0x20010194</load_address>
         <run_address>0x20010194</run_address>
         <size>0x7a</size>
         <input_file_ref idref="fl-f4"/>
      </object_component>
      <object_component id="oc-a48">
         <name>.text:readIsrBinaryCallback</name>
         <load_address>0x2001020e</load_address>
         <run_address>0x2001020e</run_address>
         <size>0x78</size>
         <input_file_ref idref="fl-17"/>
      </object_component>
      <object_component id="oc-9b3">
         <name>.text:UARTCC32XX_hwiIntFxn</name>
         <load_address>0x20010286</load_address>
         <run_address>0x20010286</run_address>
         <size>0x74</size>
         <input_file_ref idref="fl-17"/>
      </object_component>
      <object_component id="oc-3d7">
         <name>.text:_nop</name>
         <load_address>0x200102fa</load_address>
         <run_address>0x200102fa</run_address>
         <size>0x2</size>
         <input_file_ref idref="fl-f9"/>
      </object_component>
      <object_component id="oc-313">
         <name>.text:powerNotifyFxn</name>
         <load_address>0x200102fc</load_address>
         <run_address>0x200102fc</run_address>
         <size>0x74</size>
         <input_file_ref idref="fl-12"/>
      </object_component>
      <object_component id="oc-8d6">
         <name>.text:split</name>
         <load_address>0x20010370</load_address>
         <run_address>0x20010370</run_address>
         <size>0x70</size>
         <input_file_ref idref="fl-ea"/>
      </object_component>
      <object_component id="oc-760">
         <name>.text:_mcpy</name>
         <load_address>0x200103e0</load_address>
         <run_address>0x200103e0</run_address>
         <size>0x6e</size>
         <input_file_ref idref="fl-ec"/>
      </object_component>
      <object_component id="oc-69f">
         <name>.text:I2CSupport_primeTransfer</name>
         <load_address>0x2001044e</load_address>
         <run_address>0x2001044e</run_address>
         <size>0x6a</size>
         <input_file_ref idref="fl-13"/>
      </object_component>
      <object_component id="oc-14">
         <name>.text:decompress:lzss:__TI_decompress_lzss</name>
         <load_address>0x200104b8</load_address>
         <run_address>0x200104b8</run_address>
         <size>0x68</size>
         <input_file_ref idref="fl-e9"/>
      </object_component>
      <object_component id="oc-848">
         <name>.text:UARTCC32XX_writeCancel</name>
         <load_address>0x20010520</load_address>
         <run_address>0x20010520</run_address>
         <size>0x66</size>
         <input_file_ref idref="fl-17"/>
      </object_component>
      <object_component id="oc-73">
         <name>.text:busFaultHandler</name>
         <load_address>0x20010586</load_address>
         <run_address>0x20010586</run_address>
         <size>0x2</size>
         <input_file_ref idref="fl-1f"/>
      </object_component>
      <object_component id="oc-381">
         <name>.text:GPIO_setInterruptConfig</name>
         <load_address>0x20010588</load_address>
         <run_address>0x20010588</run_address>
         <size>0x64</size>
         <input_file_ref idref="fl-12"/>
      </object_component>
      <object_component id="oc-47c">
         <name>.text:PowerCC32XX_setParkState</name>
         <load_address>0x200105ec</load_address>
         <run_address>0x200105ec</run_address>
         <size>0x64</size>
         <input_file_ref idref="fl-14"/>
      </object_component>
      <object_component id="oc-842">
         <name>.text:UARTCC32XX_writePolling</name>
         <load_address>0x20010650</load_address>
         <run_address>0x20010650</run_address>
         <size>0x62</size>
         <input_file_ref idref="fl-17"/>
      </object_component>
      <object_component id="oc-451">
         <name>.text:clkFxn</name>
         <load_address>0x200106b2</load_address>
         <run_address>0x200106b2</run_address>
         <size>0x2</size>
         <input_file_ref idref="fl-1b"/>
      </object_component>
      <object_component id="oc-38a">
         <name>.text:GPIO_hwiIntFxn</name>
         <load_address>0x200106b4</load_address>
         <run_address>0x200106b4</run_address>
         <size>0x60</size>
         <input_file_ref idref="fl-12"/>
      </object_component>
      <object_component id="oc-29d">
         <name>.text:PRCMSysResetCauseGet</name>
         <load_address>0x20010714</load_address>
         <run_address>0x20010714</run_address>
         <size>0x60</size>
         <input_file_ref idref="fl-26"/>
      </object_component>
      <object_component id="oc-775">
         <name>.text:frexp</name>
         <load_address>0x20010774</load_address>
         <run_address>0x20010774</run_address>
         <size>0x5c</size>
         <input_file_ref idref="fl-103"/>
      </object_component>
      <object_component id="oc-91f">
         <name>.text:sysTickInit</name>
         <load_address>0x200107d0</load_address>
         <run_address>0x200107d0</run_address>
         <size>0x5c</size>
         <input_file_ref idref="fl-1c"/>
      </object_component>
      <object_component id="oc-2b6">
         <name>.text:PRCMPeripheralReset</name>
         <load_address>0x2001082c</load_address>
         <run_address>0x2001082c</run_address>
         <size>0x58</size>
         <input_file_ref idref="fl-26"/>
      </object_component>
      <object_component id="oc-8c5">
         <name>.text:Power_releaseDependency</name>
         <load_address>0x20010884</load_address>
         <run_address>0x20010884</run_address>
         <size>0x58</size>
         <input_file_ref idref="fl-14"/>
      </object_component>
      <object_component id="oc-54d">
         <name>.text:_pconv_f</name>
         <load_address>0x200108dc</load_address>
         <run_address>0x200108dc</run_address>
         <size>0x56</size>
         <input_file_ref idref="fl-ec"/>
      </object_component>
      <object_component id="oc-74a">
         <name>.text:__TI_ltoa</name>
         <load_address>0x20010932</load_address>
         <run_address>0x20010932</run_address>
         <size>0x54</size>
         <input_file_ref idref="fl-fa"/>
      </object_component>
      <object_component id="oc-a91">
         <name>.text:ringBufGet</name>
         <load_address>0x20010986</load_address>
         <run_address>0x20010986</run_address>
         <size>0x54</size>
         <input_file_ref idref="fl-17"/>
      </object_component>
      <object_component id="oc-93c">
         <name>.text:PowerCC32XX_resumeLPDS</name>
         <load_address>0x200109da</load_address>
         <run_address>0x200109da</run_address>
         <size>0x52</size>
         <input_file_ref idref="fl-15"/>
      </object_component>
      <object_component id="oc-75a">
         <name>.text:_ecpy</name>
         <load_address>0x20010a2c</load_address>
         <run_address>0x20010a2c</run_address>
         <size>0x52</size>
         <input_file_ref idref="fl-ec"/>
      </object_component>
      <object_component id="oc-4ee">
         <name>.text:initHw</name>
         <load_address>0x20010a7e</load_address>
         <run_address>0x20010a7e</run_address>
         <size>0x52</size>
         <input_file_ref idref="fl-16"/>
      </object_component>
      <object_component id="oc-79">
         <name>.text:ClockP_sysTickHandler</name>
         <load_address>0x20010ad0</load_address>
         <run_address>0x20010ad0</run_address>
         <size>0x50</size>
         <input_file_ref idref="fl-1c"/>
      </object_component>
      <object_component id="oc-5f0">
         <name>.text:SemaphoreP_construct</name>
         <load_address>0x20010b20</load_address>
         <run_address>0x20010b20</run_address>
         <size>0x50</size>
         <input_file_ref idref="fl-1b"/>
      </object_component>
      <object_component id="oc-4d6">
         <name>.text:TimerCC32XX_allocateTimerResource</name>
         <load_address>0x20010b70</load_address>
         <run_address>0x20010b70</run_address>
         <size>0x50</size>
         <input_file_ref idref="fl-16"/>
      </object_component>
      <object_component id="oc-660">
         <name>.text:I2CCC32XX_readRecieveFifo</name>
         <load_address>0x20010bc0</load_address>
         <run_address>0x20010bc0</run_address>
         <size>0x4c</size>
         <input_file_ref idref="fl-13"/>
      </object_component>
      <object_component id="oc-933">
         <name>.text:PowerCC32XX_parkPin</name>
         <load_address>0x20010c0c</load_address>
         <run_address>0x20010c0c</run_address>
         <size>0x4c</size>
         <input_file_ref idref="fl-14"/>
      </object_component>
      <object_component id="oc-536">
         <name>.text:atoi</name>
         <load_address>0x20010c58</load_address>
         <run_address>0x20010c58</run_address>
         <size>0x4c</size>
         <input_file_ref idref="fl-fc"/>
      </object_component>
      <object_component id="oc-7dc">
         <name>.text:restorePeriphClocks</name>
         <load_address>0x20010ca4</load_address>
         <run_address>0x20010ca4</run_address>
         <size>0x4c</size>
         <input_file_ref idref="fl-14"/>
      </object_component>
      <object_component id="oc-226">
         <name>.text:snprintf</name>
         <load_address>0x20010cf0</load_address>
         <run_address>0x20010cf0</run_address>
         <size>0x4c</size>
         <input_file_ref idref="fl-e0"/>
      </object_component>
      <object_component id="oc-957">
         <name>.text:FlashDisable</name>
         <load_address>0x20010d3c</load_address>
         <run_address>0x20010d3c</run_address>
         <size>0x48</size>
         <input_file_ref idref="fl-2a"/>
      </object_component>
      <object_component id="oc-51a">
         <name>.text:GPIO_disableInt</name>
         <load_address>0x20010d84</load_address>
         <run_address>0x20010d84</run_address>
         <size>0x48</size>
         <input_file_ref idref="fl-12"/>
      </object_component>
      <object_component id="oc-21a">
         <name>.text:GPIO_enableInt</name>
         <load_address>0x20010dcc</load_address>
         <run_address>0x20010dcc</run_address>
         <size>0x48</size>
         <input_file_ref idref="fl-12"/>
      </object_component>
      <object_component id="oc-7e8">
         <name>.text:PRCMLPDSEnter</name>
         <load_address>0x20010e14</load_address>
         <run_address>0x20010e14</run_address>
         <size>0x48</size>
         <input_file_ref idref="fl-26"/>
      </object_component>
      <object_component id="oc-2b0">
         <name>.text:PRCMPeripheralClkEnable</name>
         <load_address>0x20010e5c</load_address>
         <run_address>0x20010e5c</run_address>
         <size>0x48</size>
         <input_file_ref idref="fl-26"/>
      </object_component>
      <object_component id="oc-883">
         <name>.text:Power_releaseConstraint</name>
         <load_address>0x20010ea4</load_address>
         <run_address>0x20010ea4</run_address>
         <size>0x48</size>
         <input_file_ref idref="fl-14"/>
      </object_component>
      <object_component id="oc-202">
         <name>.text:initTimer</name>
         <load_address>0x20010eec</load_address>
         <run_address>0x20010eec</run_address>
         <size>0x48</size>
         <input_file_ref idref="fl-2"/>
      </object_component>
      <object_component id="oc-745">
         <name>.text</name>
         <load_address>0x20010f34</load_address>
         <run_address>0x20010f34</run_address>
         <size>0x48</size>
         <input_file_ref idref="fl-f2"/>
      </object_component>
      <object_component id="oc-a7e">
         <name>.text:RingBuf_put</name>
         <load_address>0x20010f7c</load_address>
         <run_address>0x20010f7c</run_address>
         <size>0x46</size>
         <input_file_ref idref="fl-19"/>
      </object_component>
      <object_component id="oc-4e8">
         <name>.text:getPrescaler</name>
         <load_address>0x20010fc2</load_address>
         <run_address>0x20010fc2</run_address>
         <size>0x46</size>
         <input_file_ref idref="fl-16"/>
      </object_component>
      <object_component id="oc-618">
         <name>.text:ClockP_stop</name>
         <load_address>0x20011008</load_address>
         <run_address>0x20011008</run_address>
         <size>0x44</size>
         <input_file_ref idref="fl-1c"/>
      </object_component>
      <object_component id="oc-941">
         <name>.text:PRCMLPDSRestoreInfoSet</name>
         <load_address>0x2001104c</load_address>
         <run_address>0x2001104c</run_address>
         <size>0x44</size>
         <input_file_ref idref="fl-26"/>
      </object_component>
      <object_component id="oc-7d1">
         <name>.text:PowerCC32XX_enterLPDS</name>
         <load_address>0x20011090</load_address>
         <run_address>0x20011090</run_address>
         <size>0x44</size>
         <input_file_ref idref="fl-15"/>
      </object_component>
      <object_component id="oc-300">
         <name>.text:SemaphoreP_post</name>
         <load_address>0x200110d4</load_address>
         <run_address>0x200110d4</run_address>
         <size>0x44</size>
         <input_file_ref idref="fl-1b"/>
      </object_component>
      <object_component id="oc-5e0">
         <name>.text:SwiP_restore</name>
         <load_address>0x20011118</load_address>
         <run_address>0x20011118</run_address>
         <size>0x44</size>
         <input_file_ref idref="fl-20"/>
      </object_component>
      <object_component id="oc-35c">
         <name>.text:Timer_start</name>
         <load_address>0x2001115c</load_address>
         <run_address>0x2001115c</run_address>
         <size>0x44</size>
         <input_file_ref idref="fl-10"/>
      </object_component>
      <object_component id="oc-31b">
         <name>.text:UART_init</name>
         <load_address>0x200111a0</load_address>
         <run_address>0x200111a0</run_address>
         <size>0x44</size>
         <input_file_ref idref="fl-11"/>
      </object_component>
      <object_component id="oc-179">
         <name>.text:__TI_auto_init_nobinit_nopinit:__TI_auto_init_nobinit_nopinit</name>
         <load_address>0x200111e4</load_address>
         <run_address>0x200111e4</run_address>
         <size>0x44</size>
         <input_file_ref idref="fl-f5"/>
      </object_component>
      <object_component id="oc-a25">
         <name>.text:ClockP_construct</name>
         <load_address>0x20011228</load_address>
         <run_address>0x20011228</run_address>
         <size>0x40</size>
         <input_file_ref idref="fl-1c"/>
      </object_component>
      <object_component id="oc-2c8">
         <name>.text:PinModeSet</name>
         <load_address>0x20011268</load_address>
         <run_address>0x20011268</run_address>
         <size>0x40</size>
         <input_file_ref idref="fl-25"/>
      </object_component>
      <object_component id="oc-9cd">
         <name>.text:RingBuf_get</name>
         <load_address>0x200112a8</load_address>
         <run_address>0x200112a8</run_address>
         <size>0x40</size>
         <input_file_ref idref="fl-19"/>
      </object_component>
      <object_component id="oc-508">
         <name>.text:TimerSupport_timerEnable</name>
         <load_address>0x200112e8</load_address>
         <run_address>0x200112e8</run_address>
         <size>0x40</size>
         <input_file_ref idref="fl-16"/>
      </object_component>
      <object_component id="oc-4e2">
         <name>.text:Timer_close</name>
         <load_address>0x20011328</load_address>
         <run_address>0x20011328</run_address>
         <size>0x40</size>
         <input_file_ref idref="fl-16"/>
      </object_component>
      <object_component id="oc-82a">
         <name>.text:UARTCC32XX_read</name>
         <load_address>0x20011368</load_address>
         <run_address>0x20011368</run_address>
         <size>0x40</size>
         <input_file_ref idref="fl-17"/>
      </object_component>
      <object_component id="oc-327">
         <name>.text:UART_open</name>
         <load_address>0x200113a8</load_address>
         <run_address>0x200113a8</run_address>
         <size>0x40</size>
         <input_file_ref idref="fl-11"/>
      </object_component>
      <object_component id="oc-362">
         <name>.text:timerCallback</name>
         <load_address>0x200113e8</load_address>
         <run_address>0x200113e8</run_address>
         <size>0x40</size>
         <input_file_ref idref="fl-2"/>
      </object_component>
      <object_component id="oc-76d">
         <name>.text:_fcpy</name>
         <load_address>0x20011428</load_address>
         <run_address>0x20011428</run_address>
         <size>0x3e</size>
         <input_file_ref idref="fl-ec"/>
      </object_component>
      <object_component id="oc-6d">
         <name>.text:defaultHandler</name>
         <load_address>0x20011466</load_address>
         <run_address>0x20011466</run_address>
         <size>0x2</size>
         <input_file_ref idref="fl-1f"/>
      </object_component>
      <object_component id="oc-44b">
         <name>.text:ClockP_destruct</name>
         <load_address>0x20011468</load_address>
         <run_address>0x20011468</run_address>
         <size>0x3c</size>
         <input_file_ref idref="fl-1c"/>
      </object_component>
      <object_component id="oc-718">
         <name>.text:Power_setConstraint</name>
         <load_address>0x200114a4</load_address>
         <run_address>0x200114a4</run_address>
         <size>0x3c</size>
         <input_file_ref idref="fl-14"/>
      </object_component>
      <object_component id="oc-23e">
         <name>.text:handleTemperatureButtons</name>
         <load_address>0x200114e0</load_address>
         <run_address>0x200114e0</run_address>
         <size>0x3c</size>
         <input_file_ref idref="fl-2"/>
      </object_component>
      <object_component id="oc-1f6">
         <name>.text:initUART</name>
         <load_address>0x2001151c</load_address>
         <run_address>0x2001151c</run_address>
         <size>0x3c</size>
         <input_file_ref idref="fl-2"/>
      </object_component>
      <object_component id="oc-5c4">
         <name>.text:getCountsRTC</name>
         <load_address>0x20011558</load_address>
         <run_address>0x20011558</run_address>
         <size>0x3a</size>
         <input_file_ref idref="fl-1e"/>
      </object_component>
      <object_component id="oc-67">
         <name>.text:faultISR</name>
         <load_address>0x20011592</load_address>
         <run_address>0x20011592</run_address>
         <size>0x2</size>
         <input_file_ref idref="fl-1f"/>
      </object_component>
      <object_component id="oc-7ee">
         <name>.text:PRCMLPDSEnterKeepDebugIf</name>
         <load_address>0x20011594</load_address>
         <run_address>0x20011594</run_address>
         <size>0x38</size>
         <input_file_ref idref="fl-26"/>
      </object_component>
      <object_component id="oc-db">
         <name>.text:addToList</name>
         <load_address>0x200115cc</load_address>
         <run_address>0x200115cc</run_address>
         <size>0x38</size>
         <input_file_ref idref="fl-1c"/>
      </object_component>
      <object_component id="oc-59">
         <name>.text:initVectors</name>
         <load_address>0x20011604</load_address>
         <run_address>0x20011604</run_address>
         <size>0x38</size>
         <input_file_ref idref="fl-1f"/>
      </object_component>
      <object_component id="oc-7bf">
         <name>.text:notify</name>
         <load_address>0x2001163c</load_address>
         <run_address>0x2001163c</run_address>
         <size>0x38</size>
         <input_file_ref idref="fl-14"/>
      </object_component>
      <object_component id="oc-3a2">
         <name>.text</name>
         <load_address>0x20011674</load_address>
         <run_address>0x20011674</run_address>
         <size>0x38</size>
         <input_file_ref idref="fl-e2"/>
      </object_component>
      <object_component id="oc-398">
         <name>.text</name>
         <load_address>0x200116ac</load_address>
         <run_address>0x200116ac</run_address>
         <size>0x38</size>
         <input_file_ref idref="fl-e3"/>
      </object_component>
      <object_component id="oc-6f9">
         <name>.text:TimerControlStall</name>
         <load_address>0x200116e4</load_address>
         <run_address>0x200116e4</run_address>
         <size>0x36</size>
         <input_file_ref idref="fl-27"/>
      </object_component>
      <object_component id="oc-6c7">
         <name>.text:Timer_stop</name>
         <load_address>0x2001171a</load_address>
         <run_address>0x2001171a</run_address>
         <size>0x36</size>
         <input_file_ref idref="fl-10"/>
      </object_component>
      <object_component id="oc-836">
         <name>.text:UARTCC32XX_readCancel</name>
         <load_address>0x20011750</load_address>
         <run_address>0x20011750</run_address>
         <size>0x36</size>
         <input_file_ref idref="fl-17"/>
      </object_component>
      <object_component id="oc-61">
         <name>.text:nmiISR</name>
         <load_address>0x20011786</load_address>
         <run_address>0x20011786</run_address>
         <size>0x2</size>
         <input_file_ref idref="fl-1f"/>
      </object_component>
      <object_component id="oc-5b2">
         <name>.text:ClockP_getTicksUntilInterrupt</name>
         <load_address>0x20011788</load_address>
         <run_address>0x20011788</run_address>
         <size>0x34</size>
         <input_file_ref idref="fl-1c"/>
      </object_component>
      <object_component id="oc-7b0">
         <name>.text:ClockP_startup</name>
         <load_address>0x200117bc</load_address>
         <run_address>0x200117bc</run_address>
         <size>0x34</size>
         <input_file_ref idref="fl-1c"/>
      </object_component>
      <object_component id="oc-2c2">
         <name>.text:PinModeGet</name>
         <load_address>0x200117f0</load_address>
         <run_address>0x200117f0</run_address>
         <size>0x34</size>
         <input_file_ref idref="fl-25"/>
      </object_component>
      <object_component id="oc-971">
         <name>.text:PowerCC32XX_restoreParkState</name>
         <load_address>0x20011824</load_address>
         <run_address>0x20011824</run_address>
         <size>0x34</size>
         <input_file_ref idref="fl-14"/>
      </object_component>
      <object_component id="oc-6df">
         <name>.text:TimerCC32XX_freeTimerResource</name>
         <load_address>0x20011858</load_address>
         <run_address>0x20011858</run_address>
         <size>0x34</size>
         <input_file_ref idref="fl-16"/>
      </object_component>
      <object_component id="oc-500">
         <name>.text:TimerCC32XX_hwiIntFunction</name>
         <load_address>0x2001188c</load_address>
         <run_address>0x2001188c</run_address>
         <size>0x34</size>
         <input_file_ref idref="fl-16"/>
      </object_component>
      <object_component id="oc-6bc">
         <name>.text:getPowerMgrId</name>
         <load_address>0x200118c0</load_address>
         <run_address>0x200118c0</run_address>
         <size>0x34</size>
         <input_file_ref idref="fl-16"/>
      </object_component>
      <object_component id="oc-439">
         <name>.text:ClockP_start</name>
         <load_address>0x200118f4</load_address>
         <run_address>0x200118f4</run_address>
         <size>0x30</size>
         <input_file_ref idref="fl-1c"/>
      </object_component>
      <object_component id="oc-950">
         <name>.text:PowerCC32XX_restoreParkedPin</name>
         <load_address>0x20011924</load_address>
         <run_address>0x20011924</run_address>
         <size>0x30</size>
         <input_file_ref idref="fl-14"/>
      </object_component>
      <object_component id="oc-3ae">
         <name>.text:_outs</name>
         <load_address>0x20011954</load_address>
         <run_address>0x20011954</run_address>
         <size>0x30</size>
         <input_file_ref idref="fl-e0"/>
      </object_component>
      <object_component id="oc-750">
         <name>.text</name>
         <load_address>0x20011984</load_address>
         <run_address>0x20011984</run_address>
         <size>0x2e</size>
         <input_file_ref idref="fl-f3"/>
      </object_component>
      <object_component id="oc-7b9">
         <name>.text</name>
         <load_address>0x200119b2</load_address>
         <run_address>0x200119b2</run_address>
         <size>0x2</size>
         <input_file_ref idref="fl-ed"/>
      </object_component>
      <object_component id="oc-992">
         <name>.text:PowerCC32XX_getParkState</name>
         <load_address>0x200119b4</load_address>
         <run_address>0x200119b4</run_address>
         <size>0x2c</size>
         <input_file_ref idref="fl-14"/>
      </object_component>
      <object_component id="oc-37b">
         <name>.text:HwiP_create</name>
         <load_address>0x200119e0</load_address>
         <run_address>0x200119e0</run_address>
         <size>0x2a</size>
         <input_file_ref idref="fl-1d"/>
      </object_component>
      <object_component id="oc-6f3">
         <name>.text:TimerLoadSet</name>
         <load_address>0x20011a0a</load_address>
         <run_address>0x20011a0a</run_address>
         <size>0x2a</size>
         <input_file_ref idref="fl-27"/>
      </object_component>
      <object_component id="oc-6ed">
         <name>.text:TimerPrescaleSet</name>
         <load_address>0x20011a34</load_address>
         <run_address>0x20011a34</run_address>
         <size>0x2a</size>
         <input_file_ref idref="fl-27"/>
      </object_component>
      <object_component id="oc-678">
         <name>.text:I2CFIFODataPutNonBlocking</name>
         <load_address>0x20011a5e</load_address>
         <run_address>0x20011a5e</run_address>
         <size>0x28</size>
         <input_file_ref idref="fl-23"/>
      </object_component>
      <object_component id="oc-2bc">
         <name>.text:PRCMPeripheralClkDisable</name>
         <load_address>0x20011a88</load_address>
         <run_address>0x20011a88</run_address>
         <size>0x28</size>
         <input_file_ref idref="fl-26"/>
      </object_component>
      <object_component id="oc-2fa">
         <name>.text:Power_registerNotify</name>
         <load_address>0x20011ab0</load_address>
         <run_address>0x20011ab0</run_address>
         <size>0x28</size>
         <input_file_ref idref="fl-14"/>
      </object_component>
      <object_component id="oc-244">
         <name>.text:controlHeatBasedOnTemperature</name>
         <load_address>0x20011ad8</load_address>
         <run_address>0x20011ad8</run_address>
         <size>0x28</size>
         <input_file_ref idref="fl-2"/>
      </object_component>
      <object_component id="oc-610">
         <name>.text:free_list_insert</name>
         <load_address>0x20011b00</load_address>
         <run_address>0x20011b00</run_address>
         <size>0x28</size>
         <input_file_ref idref="fl-ea"/>
      </object_component>
      <object_component id="oc-85f">
         <name>.text:I2CFIFODataGetNonBlocking</name>
         <load_address>0x20011b28</load_address>
         <run_address>0x20011b28</run_address>
         <size>0x26</size>
         <input_file_ref idref="fl-23"/>
      </object_component>
      <object_component id="oc-6ab">
         <name>.text:I2C_cancel</name>
         <load_address>0x20011b4e</load_address>
         <run_address>0x20011b4e</run_address>
         <size>0x26</size>
         <input_file_ref idref="fl-f"/>
      </object_component>
      <object_component id="oc-45b">
         <name>.text:List_put</name>
         <load_address>0x20011b74</load_address>
         <run_address>0x20011b74</run_address>
         <size>0x26</size>
         <input_file_ref idref="fl-18"/>
      </object_component>
      <object_component id="oc-8b6">
         <name>.text:List_remove</name>
         <load_address>0x20011b9a</load_address>
         <run_address>0x20011b9a</run_address>
         <size>0x26</size>
         <input_file_ref idref="fl-18"/>
      </object_component>
      <object_component id="oc-63f">
         <name>.text:HwiP_dispatch</name>
         <load_address>0x20011bc0</load_address>
         <run_address>0x20011bc0</run_address>
         <size>0x24</size>
         <input_file_ref idref="fl-1d"/>
      </object_component>
      <object_component id="oc-98c">
         <name>.text:PowerCC32XX_reset</name>
         <load_address>0x20011be4</load_address>
         <run_address>0x20011be4</run_address>
         <size>0x24</size>
         <input_file_ref idref="fl-14"/>
      </object_component>
      <object_component id="oc-8af">
         <name>.text:TimerSupport_timerDisable</name>
         <load_address>0x20011c08</load_address>
         <run_address>0x20011c08</run_address>
         <size>0x24</size>
         <input_file_ref idref="fl-16"/>
      </object_component>
      <object_component id="oc-c5">
         <name>.text:_c_int00_noargs:_c_int00_noargs</name>
         <load_address>0x20011c2c</load_address>
         <run_address>0x20011c2c</run_address>
         <size>0x24</size>
         <input_file_ref idref="fl-eb"/>
      </object_component>
      <object_component id="oc-867">
         <name>.text:I2CMasterSlaveAddrSet</name>
         <load_address>0x20011c50</load_address>
         <run_address>0x20011c50</run_address>
         <size>0x22</size>
         <input_file_ref idref="fl-23"/>
      </object_component>
      <object_component id="oc-8bd">
         <name>.text:HwiP_destruct</name>
         <load_address>0x20011c72</load_address>
         <run_address>0x20011c72</run_address>
         <size>0x20</size>
         <input_file_ref idref="fl-1d"/>
      </object_component>
      <object_component id="oc-6cd">
         <name>.text:Power_unregisterNotify</name>
         <load_address>0x20011c94</load_address>
         <run_address>0x20011c94</run_address>
         <size>0x20</size>
         <input_file_ref idref="fl-14"/>
      </object_component>
      <object_component id="oc-978">
         <name>.text:RingBuf_peek</name>
         <load_address>0x20011cb4</load_address>
         <run_address>0x20011cb4</run_address>
         <size>0x20</size>
         <input_file_ref idref="fl-19"/>
      </object_component>
      <object_component id="oc-986">
         <name>.text:getPowerMgrId</name>
         <load_address>0x20011cd4</load_address>
         <run_address>0x20011cd4</run_address>
         <size>0x20</size>
         <input_file_ref idref="fl-17"/>
      </object_component>
      <object_component id="oc-654">
         <name>.text:I2CMasterIntStatusEx</name>
         <load_address>0x20011cf4</load_address>
         <run_address>0x20011cf4</run_address>
         <size>0x1e</size>
         <input_file_ref idref="fl-23"/>
      </object_component>
      <object_component id="oc-4a0">
         <name>.text:SemaphoreP_constructBinary</name>
         <load_address>0x20011d12</load_address>
         <run_address>0x20011d12</run_address>
         <size>0x1e</size>
         <input_file_ref idref="fl-1b"/>
      </object_component>
      <object_component id="oc-6e7">
         <name>.text:TimerDisable</name>
         <load_address>0x20011d30</load_address>
         <run_address>0x20011d30</run_address>
         <size>0x1e</size>
         <input_file_ref idref="fl-27"/>
      </object_component>
      <object_component id="oc-71e">
         <name>.text:TimerEnable</name>
         <load_address>0x20011d4e</load_address>
         <run_address>0x20011d4e</run_address>
         <size>0x1e</size>
         <input_file_ref idref="fl-27"/>
      </object_component>
      <object_component id="oc-92d">
         <name>.text:PinToPadGet</name>
         <load_address>0x20011d6c</load_address>
         <run_address>0x20011d6c</run_address>
         <size>0x1c</size>
         <input_file_ref idref="fl-25"/>
      </object_component>
      <object_component id="oc-5a6">
         <name>.text:SwiP_disable</name>
         <load_address>0x20011d88</load_address>
         <run_address>0x20011d88</run_address>
         <size>0x1c</size>
         <input_file_ref idref="fl-20"/>
      </object_component>
      <object_component id="oc-60a">
         <name>.text:free_list_remove</name>
         <load_address>0x20011da4</load_address>
         <run_address>0x20011da4</run_address>
         <size>0x1c</size>
         <input_file_ref idref="fl-ea"/>
      </object_component>
      <object_component id="oc-55f">
         <name>.text:memccpy</name>
         <load_address>0x20011dc0</load_address>
         <run_address>0x20011dc0</run_address>
         <size>0x1c</size>
         <input_file_ref idref="fl-fe"/>
      </object_component>
      <object_component id="oc-99e">
         <name>.text:ClockP_create</name>
         <load_address>0x20011ddc</load_address>
         <run_address>0x20011ddc</run_address>
         <size>0x1a</size>
         <input_file_ref idref="fl-1c"/>
      </object_component>
      <object_component id="oc-2dc">
         <name>.text:SemaphoreP_createBinary</name>
         <load_address>0x20011df6</load_address>
         <run_address>0x20011df6</run_address>
         <size>0x1a</size>
         <input_file_ref idref="fl-1b"/>
      </object_component>
      <object_component id="oc-21">
         <name>.text:resetISR</name>
         <load_address>0x20011e10</load_address>
         <run_address>0x20011e10</run_address>
         <size>0x1a</size>
         <input_file_ref idref="fl-1f"/>
      </object_component>
      <object_component id="oc-214">
         <name>.text:GPIO_setCallback</name>
         <load_address>0x20011e2c</load_address>
         <run_address>0x20011e2c</run_address>
         <size>0x18</size>
         <input_file_ref idref="fl-e"/>
      </object_component>
      <object_component id="oc-898">
         <name>.text:I2CMasterBusBusy</name>
         <load_address>0x20011e44</load_address>
         <run_address>0x20011e44</run_address>
         <size>0x18</size>
         <input_file_ref idref="fl-23"/>
      </object_component>
      <object_component id="oc-666">
         <name>.text:I2CMasterIntDisableEx</name>
         <load_address>0x20011e5c</load_address>
         <run_address>0x20011e5c</run_address>
         <size>0x18</size>
         <input_file_ref idref="fl-23"/>
      </object_component>
      <object_component id="oc-879">
         <name>.text:I2CMasterIntEnableEx</name>
         <load_address>0x20011e74</load_address>
         <run_address>0x20011e74</run_address>
         <size>0x18</size>
         <input_file_ref idref="fl-23"/>
      </object_component>
      <object_component id="oc-892">
         <name>.text:I2CRxFIFOFlush</name>
         <load_address>0x20011e8c</load_address>
         <run_address>0x20011e8c</run_address>
         <size>0x18</size>
         <input_file_ref idref="fl-23"/>
      </object_component>
      <object_component id="oc-88c">
         <name>.text:I2CTxFIFOFlush</name>
         <load_address>0x20011ea4</load_address>
         <run_address>0x20011ea4</run_address>
         <size>0x18</size>
         <input_file_ref idref="fl-23"/>
      </object_component>
      <object_component id="oc-5b8">
         <name>.text:Power_getTransitionLatency</name>
         <load_address>0x20011ebc</load_address>
         <run_address>0x20011ebc</run_address>
         <size>0x18</size>
         <input_file_ref idref="fl-14"/>
      </object_component>
      <object_component id="oc-801">
         <name>.text:Power_idleFunc</name>
         <load_address>0x20011ed4</load_address>
         <run_address>0x20011ed4</run_address>
         <size>0x18</size>
         <input_file_ref idref="fl-14"/>
      </object_component>
      <object_component id="oc-9f3">
         <name>.text:TimerIntDisable</name>
         <load_address>0x20011eec</load_address>
         <run_address>0x20011eec</run_address>
         <size>0x18</size>
         <input_file_ref idref="fl-27"/>
      </object_component>
      <object_component id="oc-712">
         <name>.text:TimerIntEnable</name>
         <load_address>0x20011f04</load_address>
         <run_address>0x20011f04</run_address>
         <size>0x18</size>
         <input_file_ref idref="fl-27"/>
      </object_component>
      <object_component id="oc-9d5">
         <name>.text:UARTBusy</name>
         <load_address>0x20011f1c</load_address>
         <run_address>0x20011f1c</run_address>
         <size>0x18</size>
         <input_file_ref idref="fl-28"/>
      </object_component>
      <object_component id="oc-a69">
         <name>.text:UARTIntEnable</name>
         <load_address>0x20011f34</load_address>
         <run_address>0x20011f34</run_address>
         <size>0x18</size>
         <input_file_ref idref="fl-28"/>
      </object_component>
      <object_component id="oc-321">
         <name>.text:UART_Params_init</name>
         <load_address>0x20011f4c</load_address>
         <run_address>0x20011f4c</run_address>
         <size>0x18</size>
         <input_file_ref idref="fl-11"/>
      </object_component>
      <object_component id="oc-3b4">
         <name>.text:_outc</name>
         <load_address>0x20011f64</load_address>
         <run_address>0x20011f64</run_address>
         <size>0x18</size>
         <input_file_ref idref="fl-e0"/>
      </object_component>
      <object_component id="oc-5d5">
         <name>.text</name>
         <load_address>0x20011f7c</load_address>
         <run_address>0x20011f7c</run_address>
         <size>0x18</size>
         <input_file_ref idref="fl-e4"/>
      </object_component>
      <object_component id="oc-873">
         <name>.text:I2CMasterBurstLengthSet</name>
         <load_address>0x20011f94</load_address>
         <run_address>0x20011f94</run_address>
         <size>0x16</size>
         <input_file_ref idref="fl-23"/>
      </object_component>
      <object_component id="oc-2aa">
         <name>.text:PRCMHIBRegRead</name>
         <load_address>0x20011faa</load_address>
         <run_address>0x20011faa</run_address>
         <size>0x16</size>
         <input_file_ref idref="fl-26"/>
      </object_component>
      <object_component id="oc-2a4">
         <name>.text:PRCMHIBRegWrite</name>
         <load_address>0x20011fc0</load_address>
         <run_address>0x20011fc0</run_address>
         <size>0x16</size>
         <input_file_ref idref="fl-26"/>
      </object_component>
      <object_component id="oc-421">
         <name>.text:SemaphoreP_create</name>
         <load_address>0x20011fd6</load_address>
         <run_address>0x20011fd6</run_address>
         <size>0x16</size>
         <input_file_ref idref="fl-1b"/>
      </object_component>
      <object_component id="oc-781">
         <name>.text:strchr</name>
         <load_address>0x20011fec</load_address>
         <run_address>0x20011fec</run_address>
         <size>0x16</size>
         <input_file_ref idref="fl-ff"/>
      </object_component>
      <object_component id="oc-15a">
         <name>.text:Board_init</name>
         <load_address>0x20012002</load_address>
         <run_address>0x20012002</run_address>
         <size>0x14</size>
         <input_file_ref idref="fl-3"/>
      </object_component>
      <object_component id="oc-a3">
         <name>.text:CPUcpsid</name>
         <load_address>0x20012016</load_address>
         <run_address>0x20012016</run_address>
         <size>0x14</size>
         <input_file_ref idref="fl-22"/>
      </object_component>
      <object_component id="oc-462">
         <name>.text:HwiP_inISR</name>
         <load_address>0x2001202c</load_address>
         <run_address>0x2001202c</run_address>
         <size>0x14</size>
         <input_file_ref idref="fl-1d"/>
      </object_component>
      <object_component id="oc-8a0">
         <name>.text:I2CSupport_masterFinish</name>
         <load_address>0x20012040</load_address>
         <run_address>0x20012040</run_address>
         <size>0x14</size>
         <input_file_ref idref="fl-13"/>
      </object_component>
      <object_component id="oc-340">
         <name>.text:I2C_transfer</name>
         <load_address>0x20012054</load_address>
         <run_address>0x20012054</run_address>
         <size>0x14</size>
         <input_file_ref idref="fl-f"/>
      </object_component>
      <object_component id="oc-af">
         <name>.text:IntVTableBaseSet</name>
         <load_address>0x20012068</load_address>
         <run_address>0x20012068</run_address>
         <size>0x14</size>
         <input_file_ref idref="fl-24"/>
      </object_component>
      <object_component id="oc-468">
         <name>.text:Power_disablePolicy</name>
         <load_address>0x2001207c</load_address>
         <run_address>0x2001207c</run_address>
         <size>0x14</size>
         <input_file_ref idref="fl-14"/>
      </object_component>
      <object_component id="oc-949">
         <name>.text:Power_getDependencyCount</name>
         <load_address>0x20012090</load_address>
         <run_address>0x20012090</run_address>
         <size>0x14</size>
         <input_file_ref idref="fl-14"/>
      </object_component>
      <object_component id="oc-a63">
         <name>.text:releasePowerConstraint</name>
         <load_address>0x200120a4</load_address>
         <run_address>0x200120a4</run_address>
         <size>0x14</size>
         <input_file_ref idref="fl-17"/>
      </object_component>
      <object_component id="oc-530">
         <name>.text:strlen</name>
         <load_address>0x200120b8</load_address>
         <run_address>0x200120b8</run_address>
         <size>0x14</size>
         <input_file_ref idref="fl-100"/>
      </object_component>
      <object_component id="oc-375">
         <name>.text:HwiP_Params_init</name>
         <load_address>0x200120cc</load_address>
         <run_address>0x200120cc</run_address>
         <size>0x12</size>
         <input_file_ref idref="fl-1d"/>
      </object_component>
      <object_component id="oc-65a">
         <name>.text:I2CMasterIntClearEx</name>
         <load_address>0x200120de</load_address>
         <run_address>0x200120de</run_address>
         <size>0x12</size>
         <input_file_ref idref="fl-23"/>
      </object_component>
      <object_component id="oc-980">
         <name>.text:RingBuf_construct</name>
         <load_address>0x200120f0</load_address>
         <run_address>0x200120f0</run_address>
         <size>0x12</size>
         <input_file_ref idref="fl-19"/>
      </object_component>
      <object_component id="oc-709">
         <name>.text:TimerIntClear</name>
         <load_address>0x20012102</load_address>
         <run_address>0x20012102</run_address>
         <size>0x12</size>
         <input_file_ref idref="fl-27"/>
      </object_component>
      <object_component id="oc-11f">
         <name>.text:main</name>
         <load_address>0x20012114</load_address>
         <run_address>0x20012114</run_address>
         <size>0x12</size>
         <input_file_ref idref="fl-4"/>
      </object_component>
[...]
      </symbol>
      <symbol id="sm-ac2">
         <name>HwiP_disableInterrupt</name>
         <value>0x20012245</value>
         <object_component_ref idref="oc-699"/>
      </symbol>
      <symbol id="sm-af2">
         <name>PowerCC32XX_initPolicy</name>
         <value>0x2000eaa7</value>
         <object_component_ref idref="oc-40a"/>
      </symbol>
      <symbol id="sm-af3">
         <name>PowerCC32XX_sleepPolicy</name>
         <value>0x2000d8f9</value>
         <object_component_ref idref="oc-410"/>
      </symbol>
      <symbol id="sm-b43">
         <name>resetISR</name>
         <value>0x20011e11</value>
         <object_component_ref idref="oc-21"/>
      </symbol>
      <symbol id="sm-b44">
         <name>resetVectorAddr</name>
         <value>0x20011e24</value>
         <object_component_ref idref="oc-21"/>
      </symbol>
      <symbol id="sm-b45">
         <name>initVectors</name>
         <value>0x20011605</value>
         <object_component_ref idref="oc-59"/>
      </symbol>
      <symbol id="sm-b46">
         <name>resetVectors</name>
         <value>0x20004000</value>
         <object_component_ref idref="oc-27"/>
      </symbol>
      <symbol id="sm-b76">
         <name>SwiP_disable</name>
         <value>0x20011d89</value>
         <object_component_ref idref="oc-5a6"/>
      </symbol>
      <symbol id="sm-b77">
         <name>SwiP_restore</name>
         <value>0x20011119</value>
         <object_component_ref idref="oc-5e0"/>
      </symbol>
      <symbol id="sm-b82">
         <name>CPUcpsid</name>
         <value>0x20012017</value>
         <object_component_ref idref="oc-a3"/>
      </symbol>
      <symbol id="sm-bef">
         <name>I2CRxFIFOFlush</name>
         <value>0x20011e8d</value>
         <object_component_ref idref="oc-892"/>
      </symbol>
      <symbol id="sm-bf0">
         <name>I2CTxFIFOFlush</name>
         <value>0x20011ea5</value>
         <object_component_ref idref="oc-88c"/>
      </symbol>
      <symbol id="sm-bf1">
         <name>I2CFIFODataPutNonBlocking</name>
         <value>0x20011a5f</value>
         <object_component_ref idref="oc-678"/>
      </symbol>
      <symbol id="sm-bf2">
         <name>I2CMasterBusBusy</name>
         <value>0x20011e45</value>
         <object_component_ref idref="oc-898"/>
      </symbol>
      <symbol id="sm-bf3">
         <name>I2CMasterIntDisableEx</name>
         <value>0x20011e5d</value>
         <object_component_ref idref="oc-666"/>
      </symbol>
      <symbol id="sm-bf4">
         <name>I2CMasterBurstLengthSet</name>
         <value>0x20011f95</value>
         <object_component_ref idref="oc-873"/>
      </symbol>
      <symbol id="sm-bf5">
         <name>I2CMasterIntClearEx</name>
         <value>0x200120df</value>
         <object_component_ref idref="oc-65a"/>
      </symbol>
      <symbol id="sm-bf6">
         <name>I2CMasterSlaveAddrSet</name>
         <value>0x20011c51</value>
         <object_component_ref idref="oc-867"/>
      </symbol>
      <symbol id="sm-bf7">
         <name>I2CMasterIntEnableEx</name>
         <value>0x20011e75</value>
         <object_component_ref idref="oc-879"/>
      </symbol>
      <symbol id="sm-bf8">
         <name>I2CFIFOStatus</name>
         <value>0x200121a9</value>
         <object_component_ref idref="oc-67e"/>
      </symbol>
      <symbol id="sm-bf9">
         <name>I2CMasterIntStatusEx</name>
         <value>0x20011cf5</value>
         <object_component_ref idref="oc-654"/>
      </symbol>
      <symbol id="sm-bfa">
         <name>I2CFIFODataGetNonBlocking</name>
         <value>0x20011b29</value>
         <object_component_ref idref="oc-85f"/>
      </symbol>
      <symbol id="sm-c3f">
         <name>IntVTableBaseSet</name>
         <value>0x20012069</value>
         <object_component_ref idref="oc-af"/>
      </symbol>
      <symbol id="sm-c40">
         <name>IntEnable</name>
         <value>0x2000f551</value>
         <object_component_ref idref="oc-b5"/>
      </symbol>
      <symbol id="sm-c41">
         <name>IntMasterDisable</name>
         <value>0x200122f5</value>
         <object_component_ref idref="oc-53"/>
      </symbol>
      <symbol id="sm-c42">
         <name>IntPendSet</name>
         <value>0x2000fc01</value>
         <object_component_ref idref="oc-95f"/>
      </symbol>
      <symbol id="sm-c7c">
         <name>PinModeGet</name>
         <value>0x200117f1</value>
         <object_component_ref idref="oc-2c2"/>
      </symbol>
      <symbol id="sm-c7d">
         <name>PinConfigSet</name>
         <value>0x2000fc89</value>
         <object_component_ref idref="oc-369"/>
      </symbol>
      <symbol id="sm-c7e">
         <name>PinModeSet</name>
         <value>0x20011269</value>
         <object_component_ref idref="oc-2c8"/>
      </symbol>
      <symbol id="sm-c7f">
         <name>PinToPadGet</name>
         <value>0x20011d6d</value>
         <object_component_ref idref="oc-92d"/>
      </symbol>
      <symbol id="sm-d48">
         <name>PRCMLPDSRestoreInfoSet</name>
         <value>0x2001104d</value>
         <object_component_ref idref="oc-941"/>
      </symbol>
      <symbol id="sm-d49">
         <name>PRCMPeripheralReset</name>
         <value>0x2001082d</value>
         <object_component_ref idref="oc-2b6"/>
      </symbol>
      <symbol id="sm-d4a">
         <name>PRCMLPDSEnter</name>
         <value>0x20010e15</value>
         <object_component_ref idref="oc-7e8"/>
      </symbol>
      <symbol id="sm-d4b">
         <name>PRCMPeripheralClkEnable</name>
         <value>0x20010e5d</value>
         <object_component_ref idref="oc-2b0"/>
      </symbol>
      <symbol id="sm-d4c">
         <name>PRCMLPDSEnterKeepDebugIf</name>
         <value>0x20011595</value>
         <object_component_ref idref="oc-7ee"/>
      </symbol>
      <symbol id="sm-d4d">
         <name>PRCMCC3200MCUInit</name>
         <value>0x2000ca91</value>
         <object_component_ref idref="oc-1dc"/>
      </symbol>
      <symbol id="sm-d4e">
         <name>PRCMHIBRegWrite</name>
         <value>0x20011fc1</value>
         <object_component_ref idref="oc-2a4"/>
      </symbol>
      <symbol id="sm-d4f">
         <name>PRCMSysResetCauseGet</name>
         <value>0x20010715</value>
         <object_component_ref idref="oc-29d"/>
      </symbol>
      <symbol id="sm-d50">
         <name>PRCMPeripheralClkDisable</name>
         <value>0x20011a89</value>
         <object_component_ref idref="oc-2bc"/>
      </symbol>
      <symbol id="sm-d51">
         <name>PRCMHIBRegRead</name>
         <value>0x20011fab</value>
         <object_component_ref idref="oc-2aa"/>
      </symbol>
      <symbol id="sm-d99">
         <name>TimerLoadSet</name>
         <value>0x20011a0b</value>
         <object_component_ref idref="oc-6f3"/>
      </symbol>
      <symbol id="sm-d9a">
         <name>TimerDisable</name>
         <value>0x20011d31</value>
         <object_component_ref idref="oc-6e7"/>
      </symbol>
      <symbol id="sm-d9b">
         <name>TimerEnable</name>
         <value>0x20011d4f</value>
         <object_component_ref idref="oc-71e"/>
      </symbol>
      <symbol id="sm-d9c">
         <name>TimerIntDisable</name>
         <value>0x20011eed</value>
         <object_component_ref idref="oc-9f3"/>
      </symbol>
      <symbol id="sm-d9d">
         <name>TimerPrescaleSet</name>
         <value>0x20011a35</value>
         <object_component_ref idref="oc-6ed"/>
      </symbol>
      <symbol id="sm-d9e">
         <name>TimerControlStall</name>
         <value>0x200116e5</value>
         <object_component_ref idref="oc-6f9"/>
      </symbol>
      <symbol id="sm-d9f">
         <name>TimerIntEnable</name>
         <value>0x20011f05</value>
         <object_component_ref idref="oc-712"/>
      </symbol>
      <symbol id="sm-da0">
         <name>TimerIntClear</name>
         <value>0x20012103</value>
         <object_component_ref idref="oc-709"/>
      </symbol>
      <symbol id="sm-db4">
         <name>UARTBusy</name>
         <value>0x20011f1d</value>
         <object_component_ref idref="oc-9d5"/>
      </symbol>
      <symbol id="sm-db5">
         <name>UARTIntEnable</name>
         <value>0x20011f35</value>
         <object_component_ref idref="oc-a69"/>
      </symbol>
      <symbol id="sm-db9">
         <name>UtilsDelay</name>
         <value>0x2001233d</value>
         <object_component_ref idref="oc-2a3"/>
      </symbol>
      <symbol id="sm-dc9">
         <name>FlashDisable</name>
         <value>0x20010d3d</value>
         <object_component_ref idref="oc-957"/>
      </symbol>
      <symbol id="sm-df8">
         <name>snprintf</name>
         <value>0x20010cf1</value>
         <object_component_ref idref="oc-226"/>
      </symbol>
      <symbol id="sm-e02">
         <name>__aeabi_fmul</name>
         <value>0x2001011b</value>
         <object_component_ref idref="oc-39d"/>
      </symbol>
      <symbol id="sm-e0c">
         <name>__aeabi_f2iz</name>
         <value>0x20011675</value>
         <object_component_ref idref="oc-3a2"/>
      </symbol>
      <symbol id="sm-e17">
         <name>__aeabi_i2f</name>
         <value>0x200116ad</value>
         <object_component_ref idref="oc-398"/>
      </symbol>
      <symbol id="sm-e20">
         <name>__aeabi_lmul</name>
         <value>0x20011f7d</value>
         <object_component_ref idref="oc-5d5"/>
      </symbol>
      <symbol id="sm-e3b">
         <name>memcpy</name>
         <value>0x2000f921</value>
         <object_component_ref idref="oc-3b"/>
      </symbol>
      <symbol id="sm-e3c">
         <name>__aeabi_memcpy</name>
         <value>0x2000f921</value>
         <object_component_ref idref="oc-3b"/>
      </symbol>
      <symbol id="sm-e3d">
         <name>__aeabi_memcpy8</name>
         <value>0x2000f921</value>
         <object_component_ref idref="oc-3b"/>
      </symbol>
      <symbol id="sm-e3e">
         <name>__aeabi_memcpy4</name>
         <value>0x2000f921</value>
         <object_component_ref idref="oc-3b"/>
      </symbol>
      <symbol id="sm-e4b">
         <name>__aeabi_uldivmod</name>
         <value>0x2000f9bd</value>
         <object_component_ref idref="oc-5ca"/>
      </symbol>
      <symbol id="sm-e5d">
         <name>__TI_zero_init</name>
         <value>0x200122bd</value>
         <object_component_ref idref="oc-4d"/>
      </symbol>
      <symbol id="sm-e74">
         <name>__TI_decompress_none</name>
         <value>0x2001228b</value>
         <object_component_ref idref="oc-1a"/>
      </symbol>
      <symbol id="sm-e97">
         <name>__TI_decompress_lzss</name>
         <value>0x200104b9</value>
         <object_component_ref idref="oc-14"/>
      </symbol>
      <symbol id="sm-f20">
         <name>_sys_memory</name>
         <value>0x20004040</value>
         <object_component_ref idref="oc-2a"/>
      </symbol>
      <symbol id="sm-f21">
         <name>free</name>
         <value>0x2000ec7d</value>
         <object_component_ref idref="oc-42c"/>
      </symbol>
      <symbol id="sm-f22">
         <name>memalign</name>
         <value>0x2000e6bd</value>
         <object_component_ref idref="oc-725"/>
      </symbol>
      <symbol id="sm-f23">
         <name>malloc</name>
         <value>0x20012319</value>
         <object_component_ref idref="oc-513"/>
      </symbol>
      <symbol id="sm-f24">
         <name>aligned_alloc</name>
         <value>0x2000e6bd</value>
         <object_component_ref idref="oc-725"/>
      </symbol>
      <symbol id="sm-f36">
         <name>__stack</name>
         <value>0x20003000</value>
         <object_component_ref idref="oc-2d"/>
      </symbol>
      <symbol id="sm-f37">
         <name>_c_int00_noargs</name>
         <value>0x20011c2d</value>
         <object_component_ref idref="oc-c5"/>
      </symbol>
      <symbol id="sm-109c">
         <name>__TI_printfi</name>
         <value>0x2000c041</value>
         <object_component_ref idref="oc-3a8"/>
      </symbol>
      <symbol id="sm-10a6">
         <name>__aeabi_idiv0</name>
         <value>0x200119b3</value>
         <object_component_ref idref="oc-7b9"/>
      </symbol>
      <symbol id="sm-10a7">
         <name>__aeabi_ldiv0</name>
         <value>0x200119b3</value>
         <object_component_ref idref="oc-7b9"/>
      </symbol>
      <symbol id="sm-10be">
         <name>__aeabi_dsub</name>
         <value>0x2000d741</value>
         <object_component_ref idref="oc-755"/>
      </symbol>
      <symbol id="sm-10bf">
         <name>__aeabi_dadd</name>
         <value>0x2000d74b</value>
         <object_component_ref idref="oc-755"/>
      </symbol>
      <symbol id="sm-10e1">
         <name>__aeabi_cdcmpeq</name>
         <value>0x2000fd11</value>
         <object_component_ref idref="oc-542"/>
      </symbol>
      <symbol id="sm-10e2">
         <name>__aeabi_cdcmple</name>
         <value>0x2000fd11</value>
         <object_component_ref idref="oc-542"/>
      </symbol>
      <symbol id="sm-10e3">
         <name>__aeabi_cdrcmple</name>
         <value>0x2000fd97</value>
         <object_component_ref idref="oc-740"/>
      </symbol>
      <symbol id="sm-10f7">
         <name>__aeabi_ddiv</name>
         <value>0x2000e225</value>
         <object_component_ref idref="oc-73b"/>
      </symbol>
      <symbol id="sm-1102">
         <name>__aeabi_dmul</name>
         <value>0x2000e8b9</value>
         <object_component_ref idref="oc-736"/>
      </symbol>
      <symbol id="sm-110c">
         <name>__aeabi_d2iz</name>
         <value>0x20010f35</value>
         <object_component_ref idref="oc-745"/>
      </symbol>
      <symbol id="sm-1116">
         <name>__aeabi_i2d</name>
         <value>0x20011985</value>
         <object_component_ref idref="oc-750"/>
      </symbol>
      <symbol id="sm-1125">
         <name>__aeabi_memset</name>
         <value>0x20010197</value>
         <object_component_ref idref="oc-9d"/>
      </symbol>
      <symbol id="sm-1126">
         <name>memset</name>
         <value>0x2001019d</value>
         <object_component_ref idref="oc-9d"/>
      </symbol>
      <symbol id="sm-1127">
         <name>__aeabi_memset8</name>
         <value>0x20010197</value>
         <object_component_ref idref="oc-9d"/>
      </symbol>
      <symbol id="sm-1128">
         <name>__aeabi_memset4</name>
         <value>0x20010197</value>
         <object_component_ref idref="oc-9d"/>
      </symbol>
      <symbol id="sm-1129">
         <name>__aeabi_memclr8</name>
         <value>0x20010195</value>
         <object_component_ref idref="oc-9d"/>
      </symbol>
      <symbol id="sm-112a">
         <name>__aeabi_memclr4</name>
         <value>0x20010195</value>
         <object_component_ref idref="oc-9d"/>
      </symbol>
      <symbol id="sm-112b">
         <name>__aeabi_memclr</name>
         <value>0x20010195</value>
         <object_component_ref idref="oc-9d"/>
      </symbol>
      <symbol id="sm-1153">
         <name>__TI_auto_init_nobinit_nopinit</name>
         <value>0x200111e5</value>
         <object_component_ref idref="oc-179"/>
      </symbol>
      <symbol id="sm-115d">
         <name>_system_pre_init</name>
         <value>0x2001234f</value>
         <object_component_ref idref="oc-119"/>
      </symbol>
      <symbol id="sm-1169">
         <name>C$$EXIT</name>
         <value>0x20012353</value>
         <object_component_ref idref="oc-16d"/>
      </symbol>
      <symbol id="sm-116a">
         <name>abort</name>
         <value>0x20012353</value>
         <object_component_ref idref="oc-16d"/>
      </symbol>
      <symbol id="sm-117f">
         <name>_nop</name>
         <value>0x200102fb</value>
         <object_component_ref idref="oc-3d7"/>
      </symbol>
      <symbol id="sm-1180">
         <name>_lock</name>
         <value>0x200129f0</value>
         <object_component_ref idref="oc-255"/>
      </symbol>
      <symbol id="sm-1181">
         <name>_unlock</name>
         <value>0x200129f4</value>
         <object_component_ref idref="oc-255"/>
      </symbol>
      <symbol id="sm-1190">
         <name>__TI_ltoa</name>
         <value>0x20010933</value>
         <object_component_ref idref="oc-74a"/>
      </symbol>
      <symbol id="sm-11a7">
         <name>atoi</name>
         <value>0x20010c59</value>
         <object_component_ref idref="oc-536"/>
      </symbol>
      <symbol id="sm-11b2">
         <name>_ctypes_</name>
         <value>0x20012a28</value>
         <object_component_ref idref="oc-72f"/>
      </symbol>
      <symbol id="sm-11c2">
         <name>memccpy</name>
         <value>0x20011dc1</value>
         <object_component_ref idref="oc-55f"/>
      </symbol>
      <symbol id="sm-11d2">
         <name>strchr</name>
         <value>0x20011fed</value>
         <object_component_ref idref="oc-781"/>
      </symbol>
      <symbol id="sm-11e0">
         <name>strlen</name>
         <value>0x200120b9</value>
         <object_component_ref idref="oc-530"/>
      </symbol>
      <symbol id="sm-11f6">
         <name>__aeabi_errno_addr</name>
         <value>0x20012311</value>
         <object_component_ref idref="oc-56b"/>
      </symbol>
      <symbol id="sm-11f7">
         <name>errno</name>
         <value>0x20012a20</value>
         <object_component_ref idref="oc-791"/>
      </symbol>
      <symbol id="sm-1210">
         <name>wcslen</name>
         <value>0x20012127</value>
         <object_component_ref idref="oc-565"/>
      </symbol>
      <symbol id="sm-1230">
         <name>frexpl</name>
         <value>0x20010775</value>
         <object_component_ref idref="oc-775"/>
      </symbol>
      <symbol id="sm-1231">
         <name>frexp</name>
         <value>0x20010775</value>
         <object_component_ref idref="oc-775"/>
      </symbol>
      <symbol id="sm-124f">
         <name>scalbn</name>
         <value>0x2000ed61</value>
         <object_component_ref idref="oc-77b"/>
      </symbol>
      <symbol id="sm-1250">
         <name>scalbnl</name>
         <value>0x2000ed61</value>
         <object_component_ref idref="oc-77b"/>
      </symbol>
      <symbol id="sm-1251">
         <name>ldexpl</name>
         <value>0x2000ed61</value>
         <object_component_ref idref="oc-77b"/>
      </symbol>
      <symbol id="sm-1252">
         <name>ldexp</name>
         <value>0x2000ed61</value>
         <object_component_ref idref="oc-77b"/>
      </symbol>
      <symbol id="sm-125c">
         <name>copysign</name>
         <value>0x200122b1</value>
         <object_component_ref idref="oc-8f7"/>
      </symbol>
      <symbol id="sm-125d">
         <name>copysignl</name>
         <value>0x200122b1</value>
         <object_component_ref idref="oc-8f7"/>
      </symbol>
      <symbol id="sm-125e">
         <name>__TI_static_base__</name>
         <value>0x200133a0</value>
      </symbol>
      <symbol id="sm-1261">
         <name>ITM_flush</name>
         <value>0x0</value>
      </symbol>
      <symbol id="sm-1262">
         <name>ITM_restore</name>
         <value>0x0</value>
      </symbol>
      <symbol id="sm-1263">
         <name>__mpu_init</name>
         <value>0x0</value>
      </symbol>
      <symbol id="sm-1264">
         <name>_system_post_cinit</name>
         <value>0x0</value>
      </symbol>
      <symbol id="sm-1265">
         <name>NoRTOS_start</name>
         <value>0x20012253</value>
      </symbol>
   </symbol_table>
   <title>Link successful</title>
</link_info>
