******************************************************************************
                  TI ARM Linker PC v20.2.7                     
******************************************************************************
>> Linked Tue Aug  1 08:35:00 2023

OUTPUT FILE NAME:   <gpiointerrupt_CC3220S_LAUNCHXL_nortos_ccs.out>
ENTRY POINT SYMBOL: "resetISR"  address: 20011e11


MEMORY CONFIGURATION

         name            origin    length      used     unused   attr    fill
----------------------  --------  ---------  --------  --------  ----  --------
  SRAM2                 20000000   00004000  0000130c  00002cf4  RW X
  SRAM                  20004000   0003c000  0000f495  0002cb6b  RW X
  LOG_DATA              90000000   00040000  00000000  00040000  R   


SEGMENT ALLOCATION MAP

run origin  load origin   length   init length attrs members
----------  ----------- ---------- ----------- ----- -------
20003000    20003000    00001000   00000000    rw-
  20003000    20003000    00001000   00000000    rw- .stack
20004000    20004000    00000040   00000040    r--
  20004000    20004000    00000040   00000040    r-- .resetVecs
20004040    20004040    00008000   00000000    rw-
  20004040    20004040    00008000   00000000    rw- .sysmem
2000c040    2000c040    00006316   00006316    r-x
  2000c040    2000c040    00006316   00006316    r-x .text
20012358    20012358    000006cf   00000000    rw-
  20012358    20012358    000006cf   00000000    rw- .data
20012a28    20012a28    000004e0   000004e0    r--
  20012a28    20012a28    000004e0   000004e0    r-- .const
20012f08    20012f08    00000498   00000000    rw-
  20012f08    20012f08    00000498   00000000    rw- .bss
200133a0    200133a0    000000f8   000000f8    r--
  200133a0    200133a0    000000f8   000000f8    r-- .cinit


SECTION ALLOCATION MAP

 output                                  attributes/
section   page    origin      length       input sections
--------  ----  ----------  ----------   ----------------
.text      0    2000c040    00006316     
                  2000c040    00000a4e     rtsv7M4_T_le_eabi.lib : _printfi.c.obj (.text:__TI_printfi)
                  2000ca8e    00000002     ti_drivers_config.obj (.text:Board_initHook)
                  2000ca90    0000042c     driverlib.a : prcm.obj (.text:PRCMCC3200MCUInit)
                  2000cebc    00000288     drivers_cc32xx.a : UARTCC32XX.oem4 (.text:UARTCC32XX_open)
                  2000d144    00000268     rtsv7M4_T_le_eabi.lib : _printfi.c.obj (.text:_pconv_a)
                  2000d3ac    000001cc                           : _printfi.c.obj (.text:_pconv_g)
                  2000d578    000001c8     gpiointerrupt.obj (.text:initI2C)
                  2000d740    000001b6     rtsv7M4_T_le_eabi.lib : fd_add_t2.asm.obj (.text)
                  2000d8f6    00000002     drivers_cc32xx.a : I2C.oem4 (.text:I2C_init)
                  2000d8f8    0000019c     nortos_cc32xx.a : PowerCC32XX_nortos.oem4 (.text:PowerCC32XX_sleepPolicy)
                  2000da94    00000154     drivers_cc32xx.a : GPIOCC32XX.oem4 (.text:GPIO_setConfig)
                  2000dbe8    00000148                      : I2CCC32XX.oem4 (.text:I2CCC32XX_hwiFxn)
                  2000dd30    00000148                      : PowerCC32XX.oem4 (.text:parkPins)
                  2000de78    0000013c     rtsv7M4_T_le_eabi.lib : _printfi.c.obj (.text:_pconv_e)
                  2000dfb4    00000138     drivers_cc32xx.a : PowerCC32XX.oem4 (.text:Power_sleep)
                  2000e0ec    00000138                      : TimerCC32XX.oem4 (.text:Timer_open)
                  2000e224    00000136     rtsv7M4_T_le_eabi.lib : fd_div_t2.asm.obj (.text)
                  2000e35a    00000122     drivers_cc32xx.a : I2C.oem4 (.text:I2C_transferTimeout)
                  2000e47c    00000120                      : UARTCC32XX.oem4 (.text:UARTCC32XX_close)
                  2000e59c    00000120     rtsv7M4_T_le_eabi.lib : _printfi.c.obj (.text:fcvt)
                  2000e6bc    00000100                           : memory.c.obj (.text:aligned_alloc)
                  2000e7bc    000000fc     drivers_cc32xx.a : I2CCC32XX.oem4 (.text:I2C_open)
                  2000e8b8    000000fc     rtsv7M4_T_le_eabi.lib : fd_mul_t2.asm.obj (.text)
                  2000e9b4    000000f2     drivers_cc32xx.a : UARTCC32XX.oem4 (.text:UARTCC32XX_control)
                  2000eaa6    00000002     nortos_cc32xx.a : PowerCC32XX_nortos.oem4 (.text:PowerCC32XX_initPolicy)
                  2000eaa8    000000ec     gpiointerrupt.obj (.text:readTemp)
                  2000eb94    000000e8     gpiointerrupt.obj (.text:mainThread)
                  2000ec7c    000000e4     rtsv7M4_T_le_eabi.lib : memory.c.obj (.text:free)
                  2000ed60    000000d0                           : s_scalbn.c.obj (.text:scalbn)
                  2000ee30    000000ca     drivers_cc32xx.a : UARTCC32XX.oem4 (.text:UARTCC32XX_write)
                  2000eefa    00000002     nortos_cc32xx.a : SemaphoreP_nortos.oem4 (.text:SemaphoreP_destruct)
                  2000eefc    000000c0     drivers_cc32xx.a : PowerCC32XX.oem4 (.text:restoreParkedPins)
                  2000efbc    000000ba                      : UARTCC32XX.oem4 (.text:UARTCC32XX_readPolling)
                  2000f076    00000002                      : Timer.oem4 (.text:Timer_init)
                  2000f078    000000b8                      : UARTCC32XX.oem4 (.text:initHw)
                  2000f130    000000b6                      : UARTCC32XX.oem4 (.text:readTaskCallback)
                  2000f1e6    000000b2                      : I2CCC32XX.oem4 (.text:I2CCC32XX_completeTransfer)
                  2000f298    000000b1     rtsv7M4_T_le_eabi.lib : _printfi.c.obj (.text:_ltostr)
                  2000f349    00000001     --HOLE-- [fill = 0]
                  2000f34a    000000b0     drivers_cc32xx.a : UARTCC32XX.oem4 (.text:readTaskBlocking)
                  2000f3fa    000000ae                      : UARTCC32XX.oem4 (.text:readIsrTextBlocking)
                  2000f4a8    000000a8                      : I2CCC32XX.oem4 (.text:I2CCC32XX_primeWriteBurst)
                  2000f550    000000a8     driverlib.a : interrupt.obj (.text:IntEnable)
                  2000f5f8    000000a8     drivers_cc32xx.a : PowerCC32XX.oem4 (.text:PowerCC32XX_configureWakeup)
                  2000f6a0    000000a2                      : UARTCC32XX.oem4 (.text:readIsrTextCallback)
                  2000f742    000000a2                      : UARTCC32XX.oem4 (.text:writeData)
                  2000f7e4    000000a0     nortos_cc32xx.a : SemaphoreP_nortos.oem4 (.text:SemaphoreP_pend)
                  2000f884    0000009c     drivers_cc32xx.a : I2CCC32XX.oem4 (.text:I2CCC32XX_initHw)
                  2000f920    0000009c     rtsv7M4_T_le_eabi.lib : memcpy_t2.asm.obj (.text)
                  2000f9bc    00000096                           : ull_div_t2.asm.obj (.text)
                  2000fa52    00000002     drivers_cc32xx.a : UARTCC32XX.oem4 (.text:UARTCC32XX_init)
                  2000fa54    00000090                      : GPIOCC32XX.oem4 (.text:GPIO_init)
                  2000fae4    00000090                      : PowerCC32XX.oem4 (.text:restoreNVICRegs)
                  2000fb74    0000008c     nortos_cc32xx.a : HwiPCC32XX_nortos.oem4 (.text:HwiP_construct)
                  2000fc00    00000088     driverlib.a : interrupt.obj (.text:IntPendSet)
                  2000fc88    00000088                 : pin.obj (.text:PinConfigSet)
                  2000fd10    00000086     rtsv7M4_T_le_eabi.lib : fd_cmp_t2.asm.obj (.text:__aeabi_cdcmple)
                  2000fd96    00000086                           : fd_cmp_t2.asm.obj (.text:__aeabi_cdrcmple)
                  2000fe1c    00000084     drivers_cc32xx.a : PowerCC32XX.oem4 (.text:Power_init)
                  2000fea0    00000084                      : PowerCC32XX.oem4 (.text:saveNVICRegs)
                  2000ff24    00000080                      : GPIOCC32XX.oem4 (.text:GPIO_write)
                  2000ffa4    00000080                      : PowerCC32XX.oem4 (.text:Power_setDependency)
                  20010024    0000007c                      : UARTCC32XX.oem4 (.text:readIsrBinaryBlocking)
                  200100a0    0000007a                      : I2CCC32XX.oem4 (.text:I2CCC32XX_primeReadBurst)
                  2001011a    0000007a     rtsv7M4_T_le_eabi.lib : fs_mul_t2.asm.obj (.text)
                  20010194    0000007a                           : memset_t2.asm.obj (.text)
                  2001020e    00000078     drivers_cc32xx.a : UARTCC32XX.oem4 (.text:readIsrBinaryCallback)
                  20010286    00000074                      : UARTCC32XX.oem4 (.text:UARTCC32XX_hwiIntFxn)
                  200102fa    00000002     rtsv7M4_T_le_eabi.lib : _lock.c.obj (.text:_nop)
                  200102fc    00000074     drivers_cc32xx.a : GPIOCC32XX.oem4 (.text:powerNotifyFxn)
                  20010370    00000070     rtsv7M4_T_le_eabi.lib : memory.c.obj (.text:split)
                  200103e0    0000006e                           : _printfi.c.obj (.text:_mcpy)
                  2001044e    0000006a     drivers_cc32xx.a : I2CCC32XX.oem4 (.text:I2CSupport_primeTransfer)
                  200104b8    00000068     rtsv7M4_T_le_eabi.lib : copy_decompress_lzss.c.obj (.text:decompress:lzss:__TI_decompress_lzss)
                  20010520    00000066     drivers_cc32xx.a : UARTCC32XX.oem4 (.text:UARTCC32XX_writeCancel)
                  20010586    00000002     nortos_cc32xx.a : startup_cc32xx_ccs.oem4 (.text:busFaultHandler)
                  20010588    00000064     drivers_cc32xx.a : GPIOCC32XX.oem4 (.text:GPIO_setInterruptConfig)
                  200105ec    00000064                      : PowerCC32XX.oem4 (.text:PowerCC32XX_setParkState)
                  20010650    00000062                      : UARTCC32XX.oem4 (.text:UARTCC32XX_writePolling)
                  200106b2    00000002     nortos_cc32xx.a : SemaphoreP_nortos.oem4 (.text:clkFxn)
                  200106b4    00000060     drivers_cc32xx.a : GPIOCC32XX.oem4 (.text:GPIO_hwiIntFxn)
                  20010714    00000060     driverlib.a : prcm.obj (.text:PRCMSysResetCauseGet)
                  20010774    0000005c     rtsv7M4_T_le_eabi.lib : s_frexp.c.obj (.text:frexp)
                  200107d0    0000005c     nortos_cc32xx.a : ClockPSysTick_nortos.oem4 (.text:sysTickInit)
                  2001082c    00000058     driverlib.a : prcm.obj (.text:PRCMPeripheralReset)
                  20010884    00000058     drivers_cc32xx.a : PowerCC32XX.oem4 (.text:Power_releaseDependency)
                  200108dc    00000056     rtsv7M4_T_le_eabi.lib : _printfi.c.obj (.text:_pconv_f)
                  20010932    00000054                           : _ltoa.c.obj (.text:__TI_ltoa)
                  20010986    00000054     drivers_cc32xx.a : UARTCC32XX.oem4 (.text:ringBufGet)
                  200109da    00000052                      : PowerCC32XX_asm.oem4 (.text:PowerCC32XX_resumeLPDS)
                  20010a2c    00000052     rtsv7M4_T_le_eabi.lib : _printfi.c.obj (.text:_ecpy)
                  20010a7e    00000052     drivers_cc32xx.a : TimerCC32XX.oem4 (.text:initHw)
                  20010ad0    00000050     nortos_cc32xx.a : ClockPSysTick_nortos.oem4 (.text:ClockP_sysTickHandler)
                  20010b20    00000050                     : SemaphoreP_nortos.oem4 (.text:SemaphoreP_construct)
                  20010b70    00000050     drivers_cc32xx.a : TimerCC32XX.oem4 (.text:TimerCC32XX_allocateTimerResource)
                  20010bc0    0000004c                      : I2CCC32XX.oem4 (.text:I2CCC32XX_readRecieveFifo)
                  20010c0c    0000004c                      : PowerCC32XX.oem4 (.text:PowerCC32XX_parkPin)
                  20010c58    0000004c     rtsv7M4_T_le_eabi.lib : atoi.c.obj (.text:atoi)
                  20010ca4    0000004c     drivers_cc32xx.a : PowerCC32XX.oem4 (.text:restorePeriphClocks)
                  20010cf0    0000004c     rtsv7M4_T_le_eabi.lib : snprintf.c.obj (.text:snprintf)
                  20010d3c    00000048     driverlib.a : flash.obj (.text:FlashDisable)
                  20010d84    00000048     drivers_cc32xx.a : GPIOCC32XX.oem4 (.text:GPIO_disableInt)
                  20010dcc    00000048                      : GPIOCC32XX.oem4 (.text:GPIO_enableInt)
                  20010e14    00000048     driverlib.a : prcm.obj (.text:PRCMLPDSEnter)
                  20010e5c    00000048                 : prcm.obj (.text:PRCMPeripheralClkEnable)
                  20010ea4    00000048     drivers_cc32xx.a : PowerCC32XX.oem4 (.text:Power_releaseConstraint)
                  20010eec    00000048     gpiointerrupt.obj (.text:initTimer)
                  20010f34    00000048     rtsv7M4_T_le_eabi.lib : fd_toi_t2.asm.obj (.text)
                  20010f7c    00000046     drivers_cc32xx.a : RingBuf.oem4 (.text:RingBuf_put)
                  20010fc2    00000046                      : TimerCC32XX.oem4 (.text:getPrescaler)
                  20011008    00000044     nortos_cc32xx.a : ClockPSysTick_nortos.oem4 (.text:ClockP_stop)
                  2001104c    00000044     driverlib.a : prcm.obj (.text:PRCMLPDSRestoreInfoSet)
                  20011090    00000044     drivers_cc32xx.a : PowerCC32XX_asm.oem4 (.text:PowerCC32XX_enterLPDS)
                  200110d4    00000044     nortos_cc32xx.a : SemaphoreP_nortos.oem4 (.text:SemaphoreP_post)
                  20011118    00000044                     : SwiP_nortos.oem4 (.text:SwiP_restore)
                  2001115c    00000044     drivers_cc32xx.a : Timer.oem4 (.text:Timer_start)
                  200111a0    00000044                      : UART.oem4 (.text:UART_init)
                  200111e4    00000044     rtsv7M4_T_le_eabi.lib : autoinit.c.obj (.text:__TI_auto_init_nobinit_nopinit:__TI_auto_init_nobinit_nopinit)
                  20011228    00000040     nortos_cc32xx.a : ClockPSysTick_nortos.oem4 (.text:ClockP_construct)
                  20011268    00000040     driverlib.a : pin.obj (.text:PinModeSet)
                  200112a8    00000040     drivers_cc32xx.a : RingBuf.oem4 (.text:RingBuf_get)
                  200112e8    00000040                      : TimerCC32XX.oem4 (.text:TimerSupport_timerEnable)
                  20011328    00000040                      : TimerCC32XX.oem4 (.text:Timer_close)
                  20011368    00000040                      : UARTCC32XX.oem4 (.text:UARTCC32XX_read)
                  200113a8    00000040                      : UART.oem4 (.text:UART_open)
                  200113e8    00000040     gpiointerrupt.obj (.text:timerCallback)
                  20011428    0000003e     rtsv7M4_T_le_eabi.lib : _printfi.c.obj (.text:_fcpy)
                  20011466    00000002     nortos_cc32xx.a : startup_cc32xx_ccs.oem4 (.text:defaultHandler)
                  20011468    0000003c                     : ClockPSysTick_nortos.oem4 (.text:ClockP_destruct)
                  200114a4    0000003c     drivers_cc32xx.a : PowerCC32XX.oem4 (.text:Power_setConstraint)
                  200114e0    0000003c     gpiointerrupt.obj (.text:handleTemperatureButtons)
                  2001151c    0000003c     gpiointerrupt.obj (.text:initUART)
                  20011558    0000003a     nortos_cc32xx.a : PowerCC32XX_nortos.oem4 (.text:getCountsRTC)
                  20011592    00000002                     : startup_cc32xx_ccs.oem4 (.text:faultISR)
                  20011594    00000038     driverlib.a : prcm.obj (.text:PRCMLPDSEnterKeepDebugIf)
                  200115cc    00000038     nortos_cc32xx.a : ClockPSysTick_nortos.oem4 (.text:addToList)
                  20011604    00000038                     : startup_cc32xx_ccs.oem4 (.text:initVectors)
                  2001163c    00000038     drivers_cc32xx.a : PowerCC32XX.oem4 (.text:notify)
                  20011674    00000038     rtsv7M4_T_le_eabi.lib : fs_toi_t2.asm.obj (.text)
                  200116ac    00000038                           : i_tofs_t2.asm.obj (.text)
                  200116e4    00000036     driverlib.a : timer.obj (.text:TimerControlStall)
                  2001171a    00000036     drivers_cc32xx.a : Timer.oem4 (.text:Timer_stop)
                  20011750    00000036                      : UARTCC32XX.oem4 (.text:UARTCC32XX_readCancel)
                  20011786    00000002     nortos_cc32xx.a : startup_cc32xx_ccs.oem4 (.text:nmiISR)
                  20011788    00000034                     : ClockPSysTick_nortos.oem4 (.text:ClockP_getTicksUntilInterrupt)
                  200117bc    00000034                     : ClockPSysTick_nortos.oem4 (.text:ClockP_startup)
                  200117f0    00000034     driverlib.a : pin.obj (.text:PinModeGet)
                  20011824    00000034     drivers_cc32xx.a : PowerCC32XX.oem4 (.text:PowerCC32XX_restoreParkState)
                  20011858    00000034                      : TimerCC32XX.oem4 (.text:TimerCC32XX_freeTimerResource)
                  2001188c    00000034                      : TimerCC32XX.oem4 (.text:TimerCC32XX_hwiIntFunction)
                  200118c0    00000034                      : TimerCC32XX.oem4 (.text:getPowerMgrId)
                  200118f4    00000030     nortos_cc32xx.a : ClockPSysTick_nortos.oem4 (.text:ClockP_start)
                  20011924    00000030     drivers_cc32xx.a : PowerCC32XX.oem4 (.text:PowerCC32XX_restoreParkedPin)
                  20011954    00000030     rtsv7M4_T_le_eabi.lib : snprintf.c.obj (.text:_outs)
                  20011984    0000002e                           : i_tofd_t2.asm.obj (.text)
                  200119b2    00000002                           : div0.asm.obj (.text)
                  200119b4    0000002c     drivers_cc32xx.a : PowerCC32XX.oem4 (.text:PowerCC32XX_getParkState)
                  200119e0    0000002a     nortos_cc32xx.a : HwiPCC32XX_nortos.oem4 (.text:HwiP_create)
                  20011a0a    0000002a     driverlib.a : timer.obj (.text:TimerLoadSet)
                  20011a34    0000002a                 : timer.obj (.text:TimerPrescaleSet)
                  20011a5e    00000028                 : i2c.obj (.text:I2CFIFODataPutNonBlocking)
                  20011a86    00000002     --HOLE-- [fill = 0]
                  20011a88    00000028                 : prcm.obj (.text:PRCMPeripheralClkDisable)
                  20011ab0    00000028     drivers_cc32xx.a : PowerCC32XX.oem4 (.text:Power_registerNotify)
                  20011ad8    00000028     gpiointerrupt.obj (.text:controlHeatBasedOnTemperature)
                  20011b00    00000028     rtsv7M4_T_le_eabi.lib : memory.c.obj (.text:free_list_insert)
                  20011b28    00000026     driverlib.a : i2c.obj (.text:I2CFIFODataGetNonBlocking)
                  20011b4e    00000026     drivers_cc32xx.a : I2C.oem4 (.text:I2C_cancel)
                  20011b74    00000026                      : List.oem4 (.text:List_put)
                  20011b9a    00000026                      : List.oem4 (.text:List_remove)
                  20011bc0    00000024     nortos_cc32xx.a : HwiPCC32XX_nortos.oem4 (.text:HwiP_dispatch)
                  20011be4    00000024     drivers_cc32xx.a : PowerCC32XX.oem4 (.text:PowerCC32XX_reset)
                  20011c08    00000024                      : TimerCC32XX.oem4 (.text:TimerSupport_timerDisable)
                  20011c2c    00000024     rtsv7M4_T_le_eabi.lib : boot_cortex_m.c.obj (.text:_c_int00_noargs:_c_int00_noargs)
                  20011c50    00000022     driverlib.a : i2c.obj (.text:I2CMasterSlaveAddrSet)
                  20011c72    00000020     nortos_cc32xx.a : HwiPCC32XX_nortos.oem4 (.text:HwiP_destruct)
                  20011c92    00000002     --HOLE-- [fill = 0]
                  20011c94    00000020     drivers_cc32xx.a : PowerCC32XX.oem4 (.text:Power_unregisterNotify)
                  20011cb4    00000020                      : RingBuf.oem4 (.text:RingBuf_peek)
                  20011cd4    00000020                      : UARTCC32XX.oem4 (.text:getPowerMgrId)
                  20011cf4    0000001e     driverlib.a : i2c.obj (.text:I2CMasterIntStatusEx)
                  20011d12    0000001e     nortos_cc32xx.a : SemaphoreP_nortos.oem4 (.text:SemaphoreP_constructBinary)
                  20011d30    0000001e     driverlib.a : timer.obj (.text:TimerDisable)
                  20011d4e    0000001e                 : timer.obj (.text:TimerEnable)
                  20011d6c    0000001c                 : pin.obj (.text:PinToPadGet)
                  20011d88    0000001c     nortos_cc32xx.a : SwiP_nortos.oem4 (.text:SwiP_disable)
                  20011da4    0000001c     rtsv7M4_T_le_eabi.lib : memory.c.obj (.text:free_list_remove)
                  20011dc0    0000001c                           : memccpy.c.obj (.text:memccpy)
                  20011ddc    0000001a     nortos_cc32xx.a : ClockPSysTick_nortos.oem4 (.text:ClockP_create)
                  20011df6    0000001a                     : SemaphoreP_nortos.oem4 (.text:SemaphoreP_createBinary)
                  20011e10    0000001a                     : startup_cc32xx_ccs.oem4 (.text:resetISR)
                  20011e2a    00000002     --HOLE-- [fill = 0]
                  20011e2c    00000018     drivers_cc32xx.a : GPIO.oem4 (.text:GPIO_setCallback)
                  20011e44    00000018     driverlib.a : i2c.obj (.text:I2CMasterBusBusy)
                  20011e5c    00000018                 : i2c.obj (.text:I2CMasterIntDisableEx)
                  20011e74    00000018                 : i2c.obj (.text:I2CMasterIntEnableEx)
                  20011e8c    00000018                 : i2c.obj (.text:I2CRxFIFOFlush)
                  20011ea4    00000018                 : i2c.obj (.text:I2CTxFIFOFlush)
                  20011ebc    00000018     drivers_cc32xx.a : PowerCC32XX.oem4 (.text:Power_getTransitionLatency)
                  20011ed4    00000018                      : PowerCC32XX.oem4 (.text:Power_idleFunc)
                  20011eec    00000018     driverlib.a : timer.obj (.text:TimerIntDisable)
                  20011f04    00000018                 : timer.obj (.text:TimerIntEnable)
                  20011f1c    00000018                 : uart.obj (.text:UARTBusy)
                  20011f34    00000018                 : uart.obj (.text:UARTIntEnable)
                  20011f4c    00000018     drivers_cc32xx.a : UART.oem4 (.text:UART_Params_init)
                  20011f64    00000018     rtsv7M4_T_le_eabi.lib : snprintf.c.obj (.text:_outc)
                  20011f7c    00000018                           : ll_mul_t2.asm.obj (.text)
                  20011f94    00000016     driverlib.a : i2c.obj (.text:I2CMasterBurstLengthSet)
                  20011faa    00000016                 : prcm.obj (.text:PRCMHIBRegRead)
                  20011fc0    00000016                 : prcm.obj (.text:PRCMHIBRegWrite)
                  20011fd6    00000016     nortos_cc32xx.a : SemaphoreP_nortos.oem4 (.text:SemaphoreP_create)
                  20011fec    00000016     rtsv7M4_T_le_eabi.lib : strchr.c.obj (.text:strchr)
                  20012002    00000014     ti_drivers_config.obj (.text:Board_init)
                  20012016    00000014     driverlib.a : cpu.obj (.text:CPUcpsid)
                  2001202a    00000002     --HOLE-- [fill = 0]
                  2001202c    00000014     nortos_cc32xx.a : HwiPCC32XX_nortos.oem4 (.text:HwiP_inISR)
                  20012040    00000014     drivers_cc32xx.a : I2CCC32XX.oem4 (.text:I2CSupport_masterFinish)
                  20012054    00000014                      : I2C.oem4 (.text:I2C_transfer)
                  20012068    00000014     driverlib.a : interrupt.obj (.text:IntVTableBaseSet)
                  2001207c    00000014     drivers_cc32xx.a : PowerCC32XX.oem4 (.text:Power_disablePolicy)
                  20012090    00000014                      : PowerCC32XX.oem4 (.text:Power_getDependencyCount)
                  200120a4    00000014                      : UARTCC32XX.oem4 (.text:releasePowerConstraint)
                  200120b8    00000014     rtsv7M4_T_le_eabi.lib : strlen.c.obj (.text:strlen)
                  200120cc    00000012     nortos_cc32xx.a : HwiPCC32XX_nortos.oem4 (.text:HwiP_Params_init)
                  200120de    00000012     driverlib.a : i2c.obj (.text:I2CMasterIntClearEx)
                  200120f0    00000012     drivers_cc32xx.a : RingBuf.oem4 (.text:RingBuf_construct)
                  20012102    00000012     driverlib.a : timer.obj (.text:TimerIntClear)
                  20012114    00000012     main_nortos.obj (.text:main)
                  20012126    00000012     rtsv7M4_T_le_eabi.lib : wcslen.c.obj (.text:wcslen)
                  20012138    00000010     nortos_cc32xx.a : ClockPSysTick_nortos.oem4 (.text:ClockP_add)
                  20012148    00000010                     : ClockPSysTick_nortos.oem4 (.text:ClockP_delete)
                  20012158    00000010                     : ClockPSysTick_nortos.oem4 (.text:ClockP_getCpuFreq)
                  20012168    00000010                     : ClockPSysTick_nortos.oem4 (.text:ClockP_getSystemTicks)
                  20012178    00000010                     : ClockPSysTick_nortos.oem4 (.text:ClockP_setTicks)
                  20012188    00000010                     : HwiPCC32XX_nortos.oem4 (.text:HwiP_delete)
                  20012198    00000010                     : HwiPCC32XX_nortos.oem4 (.text:HwiP_restore)
                  200121a8    00000010     driverlib.a : i2c.obj (.text:I2CFIFOStatus)
                  200121b8    00000010     drivers_cc32xx.a : I2C.oem4 (.text:I2C_Params_init)
                  200121c8    00000010                      : PowerCC32XX.oem4 (.text:Power_enablePolicy)
                  200121d8    00000010     nortos_cc32xx.a : SemaphoreP_nortos.oem4 (.text:SemaphoreP_Params_init)
                  200121e8    00000010     drivers_cc32xx.a : Timer.oem4 (.text:Timer_Params_init)
                  200121f8    00000010     gpiointerrupt.obj (.text:gpioButtonFxn0)
                  20012208    00000010     gpiointerrupt.obj (.text:gpioButtonFxn1)
                  20012218    00000010     drivers_cc32xx.a : UARTCC32XX.oem4 (.text:readBlockingTimeout)
                  20012228    0000000e     nortos_cc32xx.a : HwiPCC32XX_nortos.oem4 (.text:HwiP_clearInterrupt)
                  20012236    0000000e                     : HwiPCC32XX_nortos.oem4 (.text:HwiP_disable)
                  20012244    0000000e                     : HwiPCC32XX_nortos.oem4 (.text:HwiP_disableInterrupt)
                  20012252    0000000e                     : HwiPCC32XX_nortos.oem4 (.text:HwiP_enable)
                  20012260    0000000e                     : HwiPCC32XX_nortos.oem4 (.text:HwiP_enableInterrupt)
                  2001226e    0000000e     drivers_cc32xx.a : I2CCC32XX.oem4 (.text:I2CCC32XX_updateReg)
                  2001227c    0000000e                      : RingBuf.oem4 (.text:RingBuf_isFull)
                  2001228a    0000000e     rtsv7M4_T_le_eabi.lib : copy_decompress_none.c.obj (.text:decompress:none:__TI_decompress_none)
                  20012298    0000000c     drivers_cc32xx.a : I2CCC32XX.oem4 (.text:I2CCC32XX_postNotify)
                  200122a4    0000000c                      : PowerCC32XX.oem4 (.text:Power_getConstraintMask)
                  200122b0    0000000c     rtsv7M4_T_le_eabi.lib : s_copysign.c.obj (.text:copysign)
                  200122bc    0000000c                           : copy_zero_init.c.obj (.text:decompress:ZI:__TI_zero_init)
                  200122c8    0000000c     drivers_cc32xx.a : TimerCC32XX.oem4 (.text:postNotifyFxn)
                  200122d4    0000000c                      : UARTCC32XX.oem4 (.text:postNotifyFxn)
                  200122e0    0000000a     nortos_cc32xx.a : ClockPSysTick_nortos.oem4 (.text:ClockP_Params_init)
                  200122ea    0000000a                     : ClockPSysTick_nortos.oem4 (.text:ClockP_isActive)
                  200122f4    0000000a     driverlib.a : interrupt.obj (.text:IntMasterDisable)
                  200122fe    0000000a     drivers_cc32xx.a : UART.oem4 (.text:UART_write)
                  20012308    00000008                      : I2CCC32XX.oem4 (.text:I2CCC32XX_blockingCallback)
                  20012310    00000008     rtsv7M4_T_le_eabi.lib : errno.c.obj (.text:__aeabi_errno_addr)
                  20012318    00000008                           : memory.c.obj (.text:malloc)
                  20012320    00000008     drivers_cc32xx.a : UARTCC32XX.oem4 (.text:readSemCallback)
                  20012328    00000008                      : UARTCC32XX.oem4 (.text:writeSemCallback)
                  20012330    00000006                      : I2CCC32XX.oem4 (.text:I2CSupport_powerRelConstraint)
                  20012336    00000006                      : I2CCC32XX.oem4 (.text:I2CSupport_powerSetConstraint)
                  2001233c    00000006     driverlib.a : utils.obj (.text:UtilsDelay)
                  20012342    00000004     nortos_cc32xx.a : ClockPSysTick_nortos.oem4 (.text:ClockP_setTimeout)
                  20012346    00000004                     : HwiPCC32XX_nortos.oem4 (.text:HwiP_post)
                  2001234a    00000004                     : SemaphoreP_nortos.oem4 (.text:SemaphoreP_delete)
                  2001234e    00000004     rtsv7M4_T_le_eabi.lib : pre_init.c.obj (.text:_system_pre_init)
                  20012352    00000004                           : exit.c.obj (.text:abort:abort)

.const     0    20012a28    000004e0     
                  20012a28    00000101     rtsv7M4_T_le_eabi.lib : ctype.c.obj (.const:.string:_ctypes_)
                  20012b29    00000003     --HOLE-- [fill = 0]
                  20012b2c    00000100     driverlib.a : pin.obj (.const:g_ulPinToPadMap)
                  20012c2c    000000a8                 : prcm.obj (.const:PRCM_PeriphRegsList)
                  20012cd4    00000044     ti_drivers_config.obj (.const:PowerCC32XX_config)
                  20012d18    00000028     drivers_cc32xx.a : UARTCC32XX.oem4 (.const:UARTCC32XX_fxnTable)
                  20012d40    00000028                      : GPIOCC32XX.oem4 (.const:portConfigs)
                  20012d68    00000024                      : UART.oem4 (.const:UART_defaultParams)
                  20012d8c    00000024     ti_drivers_config.obj (.const:uartCC32XXHWAttrs0)
                  20012db0    00000021     drivers_cc32xx.a : GPIOCC32XX.oem4 (.const:.string:pinTable)
                  20012dd1    00000003     --HOLE-- [fill = 0]
                  20012dd4    00000020                      : UARTCC32XX.oem4 (.const:staticFxnTable)
                  20012df4    00000018     driverlib.a : interrupt.obj (.const:g_pulEnRegs)
                  20012e0c    00000018                 : interrupt.obj (.const:g_pulPendRegs)
                  20012e24    00000018     gpiointerrupt.obj (.const:sensors)
                  20012e3c    00000014     ti_drivers_config.obj (.const:i2cCC32XXHWAttrs)
                  20012e50    00000014     drivers_cc32xx.a : UARTCC32XX.oem4 (.const:parityType)
                  20012e64    00000010     ti_drivers_config.obj (.const:GPIO_config)
                  20012e74    00000010     drivers_cc32xx.a : I2C.oem4 (.const:I2C_defaultParams)
                  20012e84    00000010                      : I2CCC32XX.oem4 (.const:I2C_defaultParams)
                  20012e94    00000010                      : UARTCC32XX.oem4 (.const:dataLength)
                  20012ea4    00000010     ti_drivers_config.obj (.const:timerCC32XXHWAttrs)
                  20012eb4    0000000c     gpiointerrupt.obj (.const:.string)
                  20012ec0    0000000c     ti_drivers_config.obj (.const:UART_config)
                  20012ecc    0000000c     drivers_cc32xx.a : Timer.oem4 (.const:defaultParams)
                  20012ed8    0000000c                      : TimerCC32XX.oem4 (.const:defaultParams)
                  20012ee4    0000000b     ti_drivers_config.obj (.const)
                  20012eef    00000001     --HOLE-- [fill = 0]
                  20012ef0    00000008     ti_drivers_config.obj (.const:I2C_config)
                  20012ef8    00000008     ti_drivers_config.obj (.const:Timer_config)
                  20012f00    00000008     drivers_cc32xx.a : UARTCC32XX.oem4 (.const:stopBits)

.cinit     0    200133a0    000000f8     
                  200133a0    000000d0     (.cinit..data.load) [load image, compression = lzss]
                  20013470    0000000c     (__TI_handler_table)
                  2001347c    00000004     --HOLE-- [fill = 0]
                  20013480    00000008     (.cinit..bss.load) [load image, compression = zero_init]
                  20013488    00000010     (__TI_cinit_table)

.init_array 
*          0    20004000    00000000     UNINITIALIZED

.ramVecs   0    20000000    0000030c     NOLOAD SECTION
                  20000000    0000030c     nortos_cc32xx.a : startup_cc32xx_ccs.oem4 (.ramVecs)

.stack     0    20003000    00001000     UNINITIALIZED
                  20003000    00000004     rtsv7M4_T_le_eabi.lib : boot_cortex_m.c.obj (.stack)
                  20003004    00000ffc     --HOLE--

.resetVecs 
*          0    20004000    00000040     
                  20004000    00000040     nortos_cc32xx.a : startup_cc32xx_ccs.oem4 (.resetVecs:retain)

.sysmem    0    20004040    00008000     UNINITIALIZED
                  20004040    00000010     rtsv7M4_T_le_eabi.lib : memory.c.obj (.sysmem)
                  20004050    00007ff0     --HOLE--

.data      0    20012358    000006cf     UNINITIALIZED
                  20012358    0000030c     nortos_cc32xx.a : HwiPCC32XX_nortos.oem4 (.data:HwiP_dispatchTable)
                  20012664    0000016c     drivers_cc32xx.a : PowerCC32XX.oem4 (.data:PowerCC32XX_module)
                  200127d0    000000f8     ti_drivers_config.obj (.data:parkInfo)
                  200128c8    000000a4     gpiointerrupt.obj (.data:$O1$$)
                  2001296c    00000084     ti_drivers_config.obj (.data:gpioPinConfigs)
                  200129f0    00000008     rtsv7M4_T_le_eabi.lib : _lock.c.obj (.data:$O1$$)
                  200129f8    00000008                           : memory.c.obj (.data:$O1$$)
                  20012a00    00000008     nortos_cc32xx.a : SemaphoreP_nortos.oem4 (.data:SemaphoreP_defaultParams)
                  20012a08    00000008     gpiointerrupt.obj (.data)
                  20012a10    00000008     nortos_cc32xx.a : HwiPCC32XX_nortos.oem4 (.data)
                  20012a18    00000005                     : ClockPSysTick_nortos.oem4 (.data)
                  20012a1d    00000003                     : SemaphoreP_nortos.oem4 (.data)
                  20012a20    00000004     rtsv7M4_T_le_eabi.lib : errno.c.obj (.data)
                  20012a24    00000002     drivers_cc32xx.a : GPIOCC32XX.oem4 (.data)
                  20012a26    00000001                      : UART.oem4 (.data)

.bss       0    20012f08    00000498     UNINITIALIZED
                  20012f08    0000012c     (.common:PowerCC32XX_contextSave)
                  20013034    000000fc     (.common:i2cCC32XXObjects)
                  20013130    00000084     (.common:gpioCallbackFunctions)
                  200131b4    00000084     (.common:gpioUserArgs)
                  20013238    00000084     (.common:timerCC32XXObjects)
                  200132bc    00000084     (.common:uartCC32XXObjects0)
                  20013340    00000020     ti_drivers_config.obj (.bss:uartCC32XXRingBuffer0)
                  20013360    00000014     drivers_cc32xx.a : GPIOCC32XX.oem4 (.bss:powerNotifyObj)
                  20013374    00000004                      : GPIOCC32XX.oem4 (.bss)
                  20013378    00000010     (.common:ClockP_ctrl)
                  20013388    0000000d     nortos_cc32xx.a : SwiP_nortos.oem4 (.bss)
                  20013395    00000003     --HOLE--
                  20013398    00000004                     : ClockPSysTick_nortos.oem4 (.bss)
                  2001339c    00000004     drivers_cc32xx.a : TimerCC32XX.oem4 (.bss:timerState)

.log_data 
*          0    90000000    00000000     COPY SECTION

__llvm_prf_cnts 
*          0    20004000    00000000     UNINITIALIZED

MODULE SUMMARY

       Module                       code    ro data   rw data
       ------                       ----    -------   -------
    .\
       gpiointerrupt.obj            1252    36        172    
       main_nortos.obj              18      0         0      
    +--+----------------------------+-------+---------+---------+
       Total:                       1270    36        172    
                                                             
    .\syscfg\
       ti_drivers_config.obj        22      195       1192   
    +--+----------------------------+-------+---------+---------+
       Total:                       22      195       1192   
                                                             
    C:/ti/simplelink_cc32xx_sdk_5_30_00_08/kernel/nortos/lib/ccs/m4/nortos_cc32xx.a
       HwiPCC32XX_nortos.oem4       394     0         788    
       startup_cc32xx_ccs.oem4      90      64        780    
       ClockPSysTick_nortos.oem4    702     0         25     
       PowerCC32XX_nortos.oem4      472     0         0      
       SemaphoreP_nortos.oem4       410     0         11     
       SwiP_nortos.oem4             96      0         13     
    +--+----------------------------+-------+---------+---------+
       Total:                       2164    64        1617   
                                                             
    C:/ti/simplelink_cc32xx_sdk_5_30_00_08/source/ti/devices/cc32xx/driverlib/ccs/Release/driverlib.a
       prcm.obj                     1604    168       0      
       pin.obj                      280     256       0      
       interrupt.obj                334     48        0      
       i2c.obj                      318     0         0      
       timer.obj                    264     0         0      
       flash.obj                    72      0         0      
       uart.obj                     48      0         0      
       cpu.obj                      20      0         0      
       utils.obj                    6       0         0      
    +--+----------------------------+-------+---------+---------+
       Total:                       2946    472       0      
                                                             
    C:/ti/simplelink_cc32xx_sdk_5_30_00_08/source/ti/drivers/lib/ccs/m4/drivers_cc32xx.a
       UARTCC32XX.oem4              3466    116       0      
       PowerCC32XX.oem4             2432    0         664    
       I2CCC32XX.oem4               1452    16        0      
       GPIOCC32XX.oem4              1068    73        26     
       TimerCC32XX.oem4             876     12        4      
       I2C.oem4                     366     16        0      
       UART.oem4                    166     36        1      
       RingBuf.oem4                 198     0         0      
       Timer.oem4                   140     12        0      
       PowerCC32XX_asm.oem4         150     0         0      
       List.oem4                    76      0         0      
       GPIO.oem4                    24      0         0      
    +--+----------------------------+-------+---------+---------+
       Total:                       10414   281       695    
                                                             
    C:\ti\ccs1230\ccs\tools\compiler\ti-cgt-arm_20.2.7.LTS\lib\rtsv7M4_T_le_eabi.lib
       _printfi.c.obj               4835    0         0      
       memory.c.obj                 672     0         8      
       fd_add_t2.asm.obj            438     0         0      
       fd_div_t2.asm.obj            310     0         0      
       fd_cmp_t2.asm.obj            268     0         0      
       ctype.c.obj                  0       257       0      
       fd_mul_t2.asm.obj            252     0         0      
       s_scalbn.c.obj               208     0         0      
       memcpy_t2.asm.obj            156     0         0      
       ull_div_t2.asm.obj           150     0         0      
       snprintf.c.obj               148     0         0      
       fs_mul_t2.asm.obj            122     0         0      
       memset_t2.asm.obj            122     0         0      
       copy_decompress_lzss.c.obj   104     0         0      
       s_frexp.c.obj                92      0         0      
       _ltoa.c.obj                  84      0         0      
       atoi.c.obj                   76      0         0      
       fd_toi_t2.asm.obj            72      0         0      
       autoinit.c.obj               68      0         0      
       fs_toi_t2.asm.obj            56      0         0      
       i_tofs_t2.asm.obj            56      0         0      
       i_tofd_t2.asm.obj            46      0         0      
       boot_cortex_m.c.obj          36      0         0      
       memccpy.c.obj                28      0         0      
       ll_mul_t2.asm.obj            24      0         0      
       strchr.c.obj                 22      0         0      
       strlen.c.obj                 20      0         0      
       wcslen.c.obj                 18      0         0      
       copy_decompress_none.c.obj   14      0         0      
       copy_zero_init.c.obj         12      0         0      
       errno.c.obj                  8       0         4      
       s_copysign.c.obj             12      0         0      
       _lock.c.obj                  2       0         8      
       exit.c.obj                   4       0         0      
       pre_init.c.obj               4       0         0      
       div0.asm.obj                 2       0         0      
    +--+----------------------------+-------+---------+---------+
       Total:                       8541    257       20     
                                                             
       Heap:                        0       0         32768  
       Stack:                       0       0         4096   
       Linker Generated:            0       244       0      
    +--+----------------------------+-------+---------+---------+
       Grand Total:                 25357   1549      40560  


LINKER GENERATED COPY TABLES

__TI_cinit_table @ 20013488 records: 2, size/record: 8, table size: 16
	.data: load addr=200133a0, load size=000000d0 bytes, run addr=20012358, run size=000006cf bytes, compression=lzss
	.bss: load addr=20013480, load size=00000008 bytes, run addr=20012f08, run size=00000498 bytes, compression=zero_init


LINKER GENERATED HANDLER TABLE

__TI_handler_table @ 20013470 records: 3, size/record: 4, table size: 12
	index: 0, handler: __TI_decompress_lzss
	index: 1, handler: __TI_decompress_none
	index: 2, handler: __TI_zero_init


GLOBAL SYMBOLS: SORTED ALPHABETICALLY BY Name 

address   name                             
-------   ----                             
20012003  Board_init                       
2000ca8f  Board_initHook                   
20012353  C$$EXIT                          
20012ee6  CONFIG_GPIO_BUTTON_0_CONST       
20012ee7  CONFIG_GPIO_BUTTON_1_CONST       
20012ee8  CONFIG_GPIO_LED_0_CONST          
20012ee9  CONFIG_I2C_0_CONST               
20012eeb  CONFIG_TIMER_0_CONST             
20012eed  CONFIG_UART_0_CONST              
20012017  CPUcpsid                         
200122e1  ClockP_Params_init               
20012139  ClockP_add                       
20011229  ClockP_construct                 
20011ddd  ClockP_create                    
20013378  ClockP_ctrl                      
20012149  ClockP_delete                    
20011469  ClockP_destruct                  
20010ad1  ClockP_doTick                    
20012159  ClockP_getCpuFreq                
20012169  ClockP_getSystemTicks            
20011789  ClockP_getTicksUntilInterrupt    
200122eb  ClockP_isActive                  
20012179  ClockP_setTicks                  
20012343  ClockP_setTimeout                
200118f5  ClockP_start                     
200117bd  ClockP_startup                   
20011009  ClockP_stop                      
20010ad1  ClockP_sysTickHandler            
20012a18  ClockP_tickPeriod                
20010d3d  FlashDisable                     
20012e64  GPIO_config                      
20010d85  GPIO_disableInt                  
20010dcd  GPIO_enableInt                   
200106b5  GPIO_hwiIntFxn                   
2000fa55  GPIO_init                        
20012ee4  GPIO_pinLowerBound               
20012ee5  GPIO_pinUpperBound               
20011e2d  GPIO_setCallback                 
2000da95  GPIO_setConfig                   
20010589  GPIO_setInterruptConfig          
2000ff25  GPIO_write                       
200120cd  HwiP_Params_init                 
20012229  HwiP_clearInterrupt              
2000fb75  HwiP_construct                   
200119e1  HwiP_create                      
20012189  HwiP_delete                      
20011c73  HwiP_destruct                    
20012237  HwiP_disable                     
20012245  HwiP_disableInterrupt            
20011bc1  HwiP_dispatch                    
20012253  HwiP_enable                      
20012261  HwiP_enableInterrupt             
2001202d  HwiP_inISR                       
20012a10  HwiP_key                         
20012347  HwiP_post                        
20012199  HwiP_restore                     
20012a14  HwiP_swiPIntNum                  
20011b29  I2CFIFODataGetNonBlocking        
20011a5f  I2CFIFODataPutNonBlocking        
200121a9  I2CFIFOStatus                    
20011f95  I2CMasterBurstLengthSet          
20011e45  I2CMasterBusBusy                 
200120df  I2CMasterIntClearEx              
20011e5d  I2CMasterIntDisableEx            
20011e75  I2CMasterIntEnableEx             
20011cf5  I2CMasterIntStatusEx             
20011c51  I2CMasterSlaveAddrSet            
20011e8d  I2CRxFIFOFlush                   
20012041  I2CSupport_masterFinish          
20012331  I2CSupport_powerRelConstraint    
20012337  I2CSupport_powerSetConstraint    
2001044f  I2CSupport_primeTransfer         
20011ea5  I2CTxFIFOFlush                   
200121b9  I2C_Params_init                  
20011b4f  I2C_cancel                       
20012ef0  I2C_config                       
20012eea  I2C_count                        
20012e74  I2C_defaultParams                
2000d8f7  I2C_init                         
2000e7bd  I2C_open                         
20012055  I2C_transfer                     
2000e35b  I2C_transferTimeout              
UNDEFED   ITM_flush                        
UNDEFED   ITM_restore                      
2000f551  IntEnable                        
200122f5  IntMasterDisable                 
2000fc01  IntPendSet                       
20012069  IntVTableBaseSet                 
20011b75  List_put                         
20011b9b  List_remove                      
20012253  NoRTOS_start                     
2000ca91  PRCMCC3200MCUInit                
20011fab  PRCMHIBRegRead                   
20011fc1  PRCMHIBRegWrite                  
20010e15  PRCMLPDSEnter                    
20011595  PRCMLPDSEnterKeepDebugIf         
2001104d  PRCMLPDSRestoreInfoSet           
20011a89  PRCMPeripheralClkDisable         
20010e5d  PRCMPeripheralClkEnable          
2001082d  PRCMPeripheralReset              
20010715  PRCMSysResetCauseGet             
2000fc89  PinConfigSet                     
200117f1  PinModeGet                       
20011269  PinModeSet                       
20011d6d  PinToPadGet                      
20012cd4  PowerCC32XX_config               
2000f5f9  PowerCC32XX_configureWakeup      
20012f08  PowerCC32XX_contextSave          
20011091  PowerCC32XX_enterLPDS            
200119b5  PowerCC32XX_getParkState         
2000eaa7  PowerCC32XX_initPolicy           
20012664  PowerCC32XX_module               
20010c0d  PowerCC32XX_parkPin              
20011be5  PowerCC32XX_reset                
20011825  PowerCC32XX_restoreParkState     
20011925  PowerCC32XX_restoreParkedPin     
200109db  PowerCC32XX_resumeLPDS           
200105ed  PowerCC32XX_setParkState         
2000d8f9  PowerCC32XX_sleepPolicy          
2001207d  Power_disablePolicy              
200121c9  Power_enablePolicy               
200122a5  Power_getConstraintMask          
20012091  Power_getDependencyCount         
20011ebd  Power_getTransitionLatency       
20011ed5  Power_idleFunc                   
2000fe1d  Power_init                       
20011ab1  Power_registerNotify             
20010ea5  Power_releaseConstraint          
20010885  Power_releaseDependency          
200114a5  Power_setConstraint              
2000ffa5  Power_setDependency              
2000dfb5  Power_sleep                      
20011c95  Power_unregisterNotify           
200120f1  RingBuf_construct                
200112a9  RingBuf_get                      
2001227d  RingBuf_isFull                   
20011cb5  RingBuf_peek                     
20010f7d  RingBuf_put                      
200121d9  SemaphoreP_Params_init           
20010b21  SemaphoreP_construct             
20011d13  SemaphoreP_constructBinary       
20011fd7  SemaphoreP_create                
20011df7  SemaphoreP_createBinary          
20012a00  SemaphoreP_defaultParams         
2001234b  SemaphoreP_delete                
2000eefb  SemaphoreP_destruct              
2000f7e5  SemaphoreP_pend                  
200110d5  SemaphoreP_post                  
20011d89  SwiP_disable                     
20011119  SwiP_restore                     
20010b71  TimerCC32XX_allocateTimerResource
20011859  TimerCC32XX_freeTimerResource    
200116e5  TimerControlStall                
20011d31  TimerDisable                     
20011d4f  TimerEnable                      
20012a08  TimerFlag                        
20012103  TimerIntClear                    
20011eed  TimerIntDisable                  
20011f05  TimerIntEnable                   
20011a0b  TimerLoadSet                     
20011a35  TimerPrescaleSet                 
20011c09  TimerSupport_timerDisable        
200112e9  TimerSupport_timerEnable         
200121e9  Timer_Params_init                
20011329  Timer_close                      
20012ef8  Timer_config                     
20012eec  Timer_count                      
2000f077  Timer_init                       
2000e0ed  Timer_open                       
2001115d  Timer_start                      
2001171b  Timer_stop                       
20011f1d  UARTBusy                         
2000e47d  UARTCC32XX_close                 
2000e9b5  UARTCC32XX_control               
20012d18  UARTCC32XX_fxnTable              
2000fa53  UARTCC32XX_init                  
2000cebd  UARTCC32XX_open                  
20011369  UARTCC32XX_read                  
20011751  UARTCC32XX_readCancel            
2000efbd  UARTCC32XX_readPolling           
2000ee31  UARTCC32XX_write                 
20010521  UARTCC32XX_writeCancel           
20010651  UARTCC32XX_writePolling          
20011f35  UARTIntEnable                    
20011f4d  UART_Params_init                 
20012ec0  UART_config                      
20012eee  UART_count                       
20012d68  UART_defaultParams               
200111a1  UART_init                        
200113a9  UART_open                        
200122ff  UART_write                       
2001233d  UtilsDelay                       
20004000  __STACK_END                      
00001000  __STACK_SIZE                     
00008000  __SYSMEM_SIZE                    
20013488  __TI_CINIT_Base                  
20013498  __TI_CINIT_Limit                 
20013470  __TI_Handler_Table_Base          
2001347c  __TI_Handler_Table_Limit         
200111e5  __TI_auto_init_nobinit_nopinit   
200104b9  __TI_decompress_lzss             
2001228b  __TI_decompress_none             
20010933  __TI_ltoa                        
ffffffff  __TI_pprof_out_hndl              
2000c041  __TI_printfi                     
ffffffff  __TI_prof_data_size              
ffffffff  __TI_prof_data_start             
200133a0  __TI_static_base__               
200122bd  __TI_zero_init                   
2000fd11  __aeabi_cdcmpeq                  
2000fd11  __aeabi_cdcmple                  
2000fd97  __aeabi_cdrcmple                 
20010f35  __aeabi_d2iz                     
2000d74b  __aeabi_dadd                     
2000e225  __aeabi_ddiv                     
2000e8b9  __aeabi_dmul                     
2000d741  __aeabi_dsub                     
20012311  __aeabi_errno_addr               
20011675  __aeabi_f2iz                     
2001011b  __aeabi_fmul                     
20011985  __aeabi_i2d                      
200116ad  __aeabi_i2f                      
200119b3  __aeabi_idiv0                    
200119b3  __aeabi_ldiv0                    
20011f7d  __aeabi_lmul                     
20010195  __aeabi_memclr                   
20010195  __aeabi_memclr4                  
20010195  __aeabi_memclr8                  
2000f921  __aeabi_memcpy                   
2000f921  __aeabi_memcpy4                  
2000f921  __aeabi_memcpy8                  
20010197  __aeabi_memset                   
20010197  __aeabi_memset4                  
20010197  __aeabi_memset8                  
2000f9bd  __aeabi_uldivmod                 
ffffffff  __binit__                        
ffffffff  __c_args__                       
UNDEFED   __mpu_init                       
20003000  __stack                          
20004000  __start___llvm_prf_cnts          
20004000  __stop___llvm_prf_cnts           
20011c2d  _c_int00_noargs                  
20012a28  _ctypes_                         
200129f0  _lock                            
200102fb  _nop                             
20004040  _sys_memory                      
UNDEFED   _system_post_cinit               
2001234f  _system_pre_init                 
200129f4  _unlock                          
20012353  abort                            
2000e6bd  aligned_alloc                    
20010c59  atoi                             
ffffffff  binit                            
200128e8  buttonDown                       
200128e4  buttonUp                         
200106b3  clkFxn                           
20011ad9  controlHeatBasedOnTemperature    
200122b1  copysign                         
200122b1  copysignl                        
200128cc  currentTemp                      
20012a20  errno                            
2000ec7d  free                             
20010775  frexp                            
20010775  frexpl                           
200121f9  gpioButtonFxn0                   
20012209  gpioButtonFxn1                   
20013130  gpioCallbackFunctions            
2001296c  gpioPinConfigs                   
200131b4  gpioUserArgs                     
200114e1  handleTemperatureButtons         
200128dc  heat                             
200128d0  i2c                              
20012e3c  i2cCC32XXHWAttrs                 
20013034  i2cCC32XXObjects                 
200128ec  i2cTransaction                   
2000d579  initI2C                          
20010eed  initTimer                        
2001151d  initUART                         
20011605  initVectors                      
2000ed61  ldexp                            
2000ed61  ldexpl                           
20012115  main                             
2000eb95  mainThread                       
20012319  malloc                           
2000e6bd  memalign                         
20011dc1  memccpy                          
2000f921  memcpy                           
2001019d  memset                           
2001292c  output                           
200127d0  parkInfo                         
2000eaa9  readTemp                         
20011e11  resetISR                         
20011e24  resetVectorAddr                  
20004000  resetVectors                     
200128c9  rxBuffer                         
2000ed61  scalbn                           
2000ed61  scalbnl                          
200128e0  setTemp                          
20010cf1  snprintf                         
20011fed  strchr                           
200120b9  strlen                           
2001290c  tasks                            
200128d8  timer0                           
20012ea4  timerCC32XXHWAttrs               
20013238  timerCC32XXObjects               
200113e9  timerCallback                    
20012a0c  timerCount                       
200128c8  txBuffer                         
200128d4  uart                             
200132bc  uartCC32XXObjects0               
20012127  wcslen                           


GLOBAL SYMBOLS: SORTED BY Symbol Address 

address   name                             
-------   ----                             
00001000  __STACK_SIZE                     
00008000  __SYSMEM_SIZE                    
20003000  __stack                          
20004000  __STACK_END                      
20004000  __start___llvm_prf_cnts          
20004000  __stop___llvm_prf_cnts           
20004000  resetVectors                     
20004040  _sys_memory                      
2000c041  __TI_printfi                     
2000ca8f  Board_initHook                   
2000ca91  PRCMCC3200MCUInit                
2000cebd  UARTCC32XX_open                  
2000d579  initI2C                          
2000d741  __aeabi_dsub                     
2000d74b  __aeabi_dadd                     
2000d8f7  I2C_init                         
2000d8f9  PowerCC32XX_sleepPolicy          
2000da95  GPIO_setConfig                   
2000dfb5  Power_sleep                      
2000e0ed  Timer_open                       
2000e225  __aeabi_ddiv                     
2000e35b  I2C_transferTimeout              
2000e47d  UARTCC32XX_close                 
2000e6bd  aligned_alloc                    
2000e6bd  memalign                         
2000e7bd  I2C_open                         
2000e8b9  __aeabi_dmul                     
2000e9b5  UARTCC32XX_control               
2000eaa7  PowerCC32XX_initPolicy           
2000eaa9  readTemp                         
2000eb95  mainThread                       
2000ec7d  free                             
2000ed61  ldexp                            
2000ed61  ldexpl                           
2000ed61  scalbn                           
2000ed61  scalbnl                          
2000ee31  UARTCC32XX_write                 
2000eefb  SemaphoreP_destruct              
2000efbd  UARTCC32XX_readPolling           
2000f077  Timer_init                       
2000f551  IntEnable                        
2000f5f9  PowerCC32XX_configureWakeup      
2000f7e5  SemaphoreP_pend                  
2000f921  __aeabi_memcpy                   
2000f921  __aeabi_memcpy4                  
2000f921  __aeabi_memcpy8                  
2000f921  memcpy                           
2000f9bd  __aeabi_uldivmod                 
2000fa53  UARTCC32XX_init                  
2000fa55  GPIO_init                        
2000fb75  HwiP_construct                   
2000fc01  IntPendSet                       
2000fc89  PinConfigSet                     
2000fd11  __aeabi_cdcmpeq                  
2000fd11  __aeabi_cdcmple                  
2000fd97  __aeabi_cdrcmple                 
2000fe1d  Power_init                       
2000ff25  GPIO_write                       
2000ffa5  Power_setDependency              
2001011b  __aeabi_fmul                     
20010195  __aeabi_memclr                   
20010195  __aeabi_memclr4                  
20010195  __aeabi_memclr8                  
20010197  __aeabi_memset                   
20010197  __aeabi_memset4                  
20010197  __aeabi_memset8                  
2001019d  memset                           
200102fb  _nop                             
2001044f  I2CSupport_primeTransfer         
200104b9  __TI_decompress_lzss             
20010521  UARTCC32XX_writeCancel           
20010589  GPIO_setInterruptConfig          
200105ed  PowerCC32XX_setParkState         
20010651  UARTCC32XX_writePolling          
200106b3  clkFxn                           
200106b5  GPIO_hwiIntFxn                   
20010715  PRCMSysResetCauseGet             
20010775  frexp                            
20010775  frexpl                           
2001082d  PRCMPeripheralReset              
20010885  Power_releaseDependency          
20010933  __TI_ltoa                        
200109db  PowerCC32XX_resumeLPDS           
20010ad1  ClockP_doTick                    
20010ad1  ClockP_sysTickHandler            
20010b21  SemaphoreP_construct             
20010b71  TimerCC32XX_allocateTimerResource
20010c0d  PowerCC32XX_parkPin              
20010c59  atoi                             
20010cf1  snprintf                         
20010d3d  FlashDisable                     
20010d85  GPIO_disableInt                  
20010dcd  GPIO_enableInt                   
20010e15  PRCMLPDSEnter                    
20010e5d  PRCMPeripheralClkEnable          
20010ea5  Power_releaseConstraint          
20010eed  initTimer                        
20010f35  __aeabi_d2iz                     
20010f7d  RingBuf_put                      
20011009  ClockP_stop                      
2001104d  PRCMLPDSRestoreInfoSet           
20011091  PowerCC32XX_enterLPDS            
200110d5  SemaphoreP_post                  
20011119  SwiP_restore                     
2001115d  Timer_start                      
200111a1  UART_init                        
200111e5  __TI_auto_init_nobinit_nopinit   
20011229  ClockP_construct                 
20011269  PinModeSet                       
200112a9  RingBuf_get                      
200112e9  TimerSupport_timerEnable         
20011329  Timer_close                      
20011369  UARTCC32XX_read                  
200113a9  UART_open                        
200113e9  timerCallback                    
20011469  ClockP_destruct                  
200114a5  Power_setConstraint              
200114e1  handleTemperatureButtons         
2001151d  initUART                         
20011595  PRCMLPDSEnterKeepDebugIf         
20011605  initVectors                      
20011675  __aeabi_f2iz                     
200116ad  __aeabi_i2f                      
200116e5  TimerControlStall                
2001171b  Timer_stop                       
20011751  UARTCC32XX_readCancel            
20011789  ClockP_getTicksUntilInterrupt    
200117bd  ClockP_startup                   
200117f1  PinModeGet                       
20011825  PowerCC32XX_restoreParkState     
20011859  TimerCC32XX_freeTimerResource    
200118f5  ClockP_start                     
20011925  PowerCC32XX_restoreParkedPin     
20011985  __aeabi_i2d                      
200119b3  __aeabi_idiv0                    
200119b3  __aeabi_ldiv0                    
200119b5  PowerCC32XX_getParkState         
200119e1  HwiP_create                      
20011a0b  TimerLoadSet                     
20011a35  TimerPrescaleSet                 
20011a5f  I2CFIFODataPutNonBlocking        
20011a89  PRCMPeripheralClkDisable         
20011ab1  Power_registerNotify             
20011ad9  controlHeatBasedOnTemperature    
20011b29  I2CFIFODataGetNonBlocking        
20011b4f  I2C_cancel                       
20011b75  List_put                         
20011b9b  List_remove                      
20011bc1  HwiP_dispatch                    
20011be5  PowerCC32XX_reset                
20011c09  TimerSupport_timerDisable        
20011c2d  _c_int00_noargs                  
20011c51  I2CMasterSlaveAddrSet            
20011c73  HwiP_destruct                    
20011c95  Power_unregisterNotify           
20011cb5  RingBuf_peek                     
20011cf5  I2CMasterIntStatusEx             
20011d13  SemaphoreP_constructBinary       
20011d31  TimerDisable                     
20011d4f  TimerEnable                      
20011d6d  PinToPadGet                      
20011d89  SwiP_disable                     
20011dc1  memccpy                          
20011ddd  ClockP_create                    
20011df7  SemaphoreP_createBinary          
20011e11  resetISR                         
20011e24  resetVectorAddr                  
20011e2d  GPIO_setCallback                 
20011e45  I2CMasterBusBusy                 
20011e5d  I2CMasterIntDisableEx            
20011e75  I2CMasterIntEnableEx             
20011e8d  I2CRxFIFOFlush                   
20011ea5  I2CTxFIFOFlush                   
20011ebd  Power_getTransitionLatency       
20011ed5  Power_idleFunc                   
20011eed  TimerIntDisable                  
20011f05  TimerIntEnable                   
20011f1d  UARTBusy                         
20011f35  UARTIntEnable                    
20011f4d  UART_Params_init                 
20011f7d  __aeabi_lmul                     
20011f95  I2CMasterBurstLengthSet          
20011fab  PRCMHIBRegRead                   
20011fc1  PRCMHIBRegWrite                  
20011fd7  SemaphoreP_create                
20011fed  strchr                           
20012003  Board_init                       
20012017  CPUcpsid                         
2001202d  HwiP_inISR                       
20012041  I2CSupport_masterFinish          
20012055  I2C_transfer                     
20012069  IntVTableBaseSet                 
2001207d  Power_disablePolicy              
20012091  Power_getDependencyCount         
200120b9  strlen                           
200120cd  HwiP_Params_init                 
200120df  I2CMasterIntClearEx              
200120f1  RingBuf_construct                
20012103  TimerIntClear                    
20012115  main                             
20012127  wcslen                           
20012139  ClockP_add                       
20012149  ClockP_delete                    
20012159  ClockP_getCpuFreq                
20012169  ClockP_getSystemTicks            
20012179  ClockP_setTicks                  
20012189  HwiP_delete                      
20012199  HwiP_restore                     
200121a9  I2CFIFOStatus                    
200121b9  I2C_Params_init                  
200121c9  Power_enablePolicy               
200121d9  SemaphoreP_Params_init           
200121e9  Timer_Params_init                
200121f9  gpioButtonFxn0                   
20012209  gpioButtonFxn1                   
20012229  HwiP_clearInterrupt              
20012237  HwiP_disable                     
20012245  HwiP_disableInterrupt            
20012253  HwiP_enable                      
20012253  NoRTOS_start                     
20012261  HwiP_enableInterrupt             
2001227d  RingBuf_isFull                   
2001228b  __TI_decompress_none             
200122a5  Power_getConstraintMask          
200122b1  copysign                         
200122b1  copysignl                        
200122bd  __TI_zero_init                   
200122e1  ClockP_Params_init               
200122eb  ClockP_isActive                  
200122f5  IntMasterDisable                 
200122ff  UART_write                       
20012311  __aeabi_errno_addr               
20012319  malloc                           
20012331  I2CSupport_powerRelConstraint    
20012337  I2CSupport_powerSetConstraint    
2001233d  UtilsDelay                       
20012343  ClockP_setTimeout                
20012347  HwiP_post                        
2001234b  SemaphoreP_delete                
2001234f  _system_pre_init                 
20012353  C$$EXIT                          
20012353  abort                            
20012664  PowerCC32XX_module               
200127d0  parkInfo                         
200128c8  txBuffer                         
200128c9  rxBuffer                         
200128cc  currentTemp                      
200128d0  i2c                              
200128d4  uart                             
200128d8  timer0                           
200128dc  heat                             
200128e0  setTemp                          
200128e4  buttonUp                         
200128e8  buttonDown                       
200128ec  i2cTransaction                   
2001290c  tasks                            
2001292c  output                           
2001296c  gpioPinConfigs                   
200129f0  _lock                            
200129f4  _unlock                          
20012a00  SemaphoreP_defaultParams         
20012a08  TimerFlag                        
20012a0c  timerCount                       
20012a10  HwiP_key                         
20012a14  HwiP_swiPIntNum                  
20012a18  ClockP_tickPeriod                
20012a20  errno                            
20012a28  _ctypes_                         
20012cd4  PowerCC32XX_config               
20012d18  UARTCC32XX_fxnTable              
20012d68  UART_defaultParams               
20012e3c  i2cCC32XXHWAttrs                 
20012e64  GPIO_config                      
20012e74  I2C_defaultParams                
20012ea4  timerCC32XXHWAttrs               
20012ec0  UART_config                      
20012ee4  GPIO_pinLowerBound               
20012ee5  GPIO_pinUpperBound               
20012ee6  CONFIG_GPIO_BUTTON_0_CONST       
20012ee7  CONFIG_GPIO_BUTTON_1_CONST       
20012ee8  CONFIG_GPIO_LED_0_CONST          
20012ee9  CONFIG_I2C_0_CONST               
20012eea  I2C_count                        
20012eeb  CONFIG_TIMER_0_CONST             
20012eec  Timer_count                      
20012eed  CONFIG_UART_0_CONST              
20012eee  UART_count                       
20012ef0  I2C_config                       
20012ef8  Timer_config                     
20012f08  PowerCC32XX_contextSave          
20013034  i2cCC32XXObjects                 
20013130  gpioCallbackFunctions            
200131b4  gpioUserArgs                     
20013238  timerCC32XXObjects               
200132bc  uartCC32XXObjects0               
20013378  ClockP_ctrl                      
200133a0  __TI_static_base__               
20013470  __TI_Handler_Table_Base          
2001347c  __TI_Handler_Table_Limit         
20013488  __TI_CINIT_Base                  
20013498  __TI_CINIT_Limit                 
ffffffff  __TI_pprof_out_hndl              
ffffffff  __TI_prof_data_size              
ffffffff  __TI_prof_data_start             
ffffffff  __binit__                        
ffffffff  __c_args__                       
ffffffff  binit                            
UNDEFED   ITM_flush                        
UNDEFED   ITM_restore                      
UNDEFED   __mpu_init                       
UNDEFED   _system_post_cinit               

[311 symbols]
